Archive member included to satisfy reference by file (symbol)

c:/st/stm32cubeide_1.11.0/stm32cubeide/plugins/com.st.stm32cube.ide.mcu.externaltools.gnu-tools-for-stm32.10.3-2021.10.win32_1.0.100.202210260954/tools/bin/../lib/gcc/arm-none-eabi/10.3.1/../../../../arm-none-eabi/lib/thumb/v7e-m+fp/hard\libc_nano.a(lib_a-errno.o)
                              ./Core/Src/syscalls.o (__errno)
c:/st/stm32cubeide_1.11.0/stm32cubeide/plugins/com.st.stm32cube.ide.mcu.externaltools.gnu-tools-for-stm32.10.3-2021.10.win32_1.0.100.202210260954/tools/bin/../lib/gcc/arm-none-eabi/10.3.1/../../../../arm-none-eabi/lib/thumb/v7e-m+fp/hard\libc_nano.a(lib_a-exit.o)
                              c:/st/stm32cubeide_1.11.0/stm32cubeide/plugins/com.st.stm32cube.ide.mcu.externaltools.gnu-tools-for-stm32.10.3-2021.10.win32_1.0.100.202210260954/tools/bin/../lib/gcc/arm-none-eabi/10.3.1/../../../../arm-none-eabi/lib/thumb/v7e-m+fp/hard/crt0.o (exit)
c:/st/stm32cubeide_1.11.0/stm32cubeide/plugins/com.st.stm32cube.ide.mcu.externaltools.gnu-tools-for-stm32.10.3-2021.10.win32_1.0.100.202210260954/tools/bin/../lib/gcc/arm-none-eabi/10.3.1/../../../../arm-none-eabi/lib/thumb/v7e-m+fp/hard\libc_nano.a(lib_a-impure.o)
                              c:/st/stm32cubeide_1.11.0/stm32cubeide/plugins/com.st.stm32cube.ide.mcu.externaltools.gnu-tools-for-stm32.10.3-2021.10.win32_1.0.100.202210260954/tools/bin/../lib/gcc/arm-none-eabi/10.3.1/../../../../arm-none-eabi/lib/thumb/v7e-m+fp/hard\libc_nano.a(lib_a-exit.o) (_global_impure_ptr)
c:/st/stm32cubeide_1.11.0/stm32cubeide/plugins/com.st.stm32cube.ide.mcu.externaltools.gnu-tools-for-stm32.10.3-2021.10.win32_1.0.100.202210260954/tools/bin/../lib/gcc/arm-none-eabi/10.3.1/../../../../arm-none-eabi/lib/thumb/v7e-m+fp/hard\libc_nano.a(lib_a-init.o)
                              c:/st/stm32cubeide_1.11.0/stm32cubeide/plugins/com.st.stm32cube.ide.mcu.externaltools.gnu-tools-for-stm32.10.3-2021.10.win32_1.0.100.202210260954/tools/bin/../lib/gcc/arm-none-eabi/10.3.1/../../../../arm-none-eabi/lib/thumb/v7e-m+fp/hard/crt0.o (__libc_init_array)
c:/st/stm32cubeide_1.11.0/stm32cubeide/plugins/com.st.stm32cube.ide.mcu.externaltools.gnu-tools-for-stm32.10.3-2021.10.win32_1.0.100.202210260954/tools/bin/../lib/gcc/arm-none-eabi/10.3.1/../../../../arm-none-eabi/lib/thumb/v7e-m+fp/hard\libc_nano.a(lib_a-memset.o)
                              c:/st/stm32cubeide_1.11.0/stm32cubeide/plugins/com.st.stm32cube.ide.mcu.externaltools.gnu-tools-for-stm32.10.3-2021.10.win32_1.0.100.202210260954/tools/bin/../lib/gcc/arm-none-eabi/10.3.1/../../../../arm-none-eabi/lib/thumb/v7e-m+fp/hard/crt0.o (memset)
c:/st/stm32cubeide_1.11.0/stm32cubeide/plugins/com.st.stm32cube.ide.mcu.externaltools.gnu-tools-for-stm32.10.3-2021.10.win32_1.0.100.202210260954/tools/bin/../lib/gcc/arm-none-eabi/10.3.1/../../../../arm-none-eabi/lib/thumb/v7e-m+fp/hard\libc_nano.a(lib_a-snprintf.o)
                              ./Core/Src/main.o (snprintf)
c:/st/stm32cubeide_1.11.0/stm32cubeide/plugins/com.st.stm32cube.ide.mcu.externaltools.gnu-tools-for-stm32.10.3-2021.10.win32_1.0.100.202210260954/tools/bin/../lib/gcc/arm-none-eabi/10.3.1/../../../../arm-none-eabi/lib/thumb/v7e-m+fp/hard\libc_nano.a(lib_a-strlen.o)
                              ./Core/Src/graphics.o (strlen)
c:/st/stm32cubeide_1.11.0/stm32cubeide/plugins/com.st.stm32cube.ide.mcu.externaltools.gnu-tools-for-stm32.10.3-2021.10.win32_1.0.100.202210260954/tools/bin/../lib/gcc/arm-none-eabi/10.3.1/../../../../arm-none-eabi/lib/thumb/v7e-m+fp/hard\libc_nano.a(lib_a-nano-svfprintf.o)
                              c:/st/stm32cubeide_1.11.0/stm32cubeide/plugins/com.st.stm32cube.ide.mcu.externaltools.gnu-tools-for-stm32.10.3-2021.10.win32_1.0.100.202210260954/tools/bin/../lib/gcc/arm-none-eabi/10.3.1/../../../../arm-none-eabi/lib/thumb/v7e-m+fp/hard\libc_nano.a(lib_a-snprintf.o) (_svfprintf_r)
c:/st/stm32cubeide_1.11.0/stm32cubeide/plugins/com.st.stm32cube.ide.mcu.externaltools.gnu-tools-for-stm32.10.3-2021.10.win32_1.0.100.202210260954/tools/bin/../lib/gcc/arm-none-eabi/10.3.1/../../../../arm-none-eabi/lib/thumb/v7e-m+fp/hard\libc_nano.a(lib_a-nano-vfprintf_i.o)
                              c:/st/stm32cubeide_1.11.0/stm32cubeide/plugins/com.st.stm32cube.ide.mcu.externaltools.gnu-tools-for-stm32.10.3-2021.10.win32_1.0.100.202210260954/tools/bin/../lib/gcc/arm-none-eabi/10.3.1/../../../../arm-none-eabi/lib/thumb/v7e-m+fp/hard\libc_nano.a(lib_a-nano-svfprintf.o) (_printf_i)
c:/st/stm32cubeide_1.11.0/stm32cubeide/plugins/com.st.stm32cube.ide.mcu.externaltools.gnu-tools-for-stm32.10.3-2021.10.win32_1.0.100.202210260954/tools/bin/../lib/gcc/arm-none-eabi/10.3.1/../../../../arm-none-eabi/lib/thumb/v7e-m+fp/hard\libc_nano.a(lib_a-memchr.o)
[...]
Memory Configuration

Name             Origin             Length             Attributes
CCMRAM           0x0000000010000000 0x0000000000010000 xrw
RAM              0x0000000020000000 0x0000000000020000 xrw
FLASH            0x0000000008000000 0x0000000000100000 xr
*default*        0x0000000000000000 0xffffffffffffffff

Linker script and memory map

LOAD c:/st/stm32cubeide_1.11.0/stm32cubeide/plugins/com.st.stm32cube.ide.mcu.externaltools.gnu-tools-for-stm32.10.3-2021.10.win32_1.0.100.202210260954/tools/bin/../lib/gcc/arm-none-eabi/10.3.1/thumb/v7e-m+fp/hard/crti.o
LOAD c:/st/stm32cubeide_1.11.0/stm32cubeide/plugins/com.st.stm32cube.ide.mcu.externaltools.gnu-tools-for-stm32.10.3-2021.10.win32_1.0.100.202210260954/tools/bin/../lib/gcc/arm-none-eabi/10.3.1/thumb/v7e-m+fp/hard/crtbegin.o
LOAD c:/st/stm32cubeide_1.11.0/stm32cubeide/plugins/com.st.stm32cube.ide.mcu.externaltools.gnu-tools-for-stm32.10.3-2021.10.win32_1.0.100.202210260954/tools/bin/../lib/gcc/arm-none-eabi/10.3.1/../../../../arm-none-eabi/lib/thumb/v7e-m+fp/hard/crt0.o
LOAD ./Core/Src/fatfs_sd.o
LOAD ./Core/Src/graphics.o
LOAD ./Core/Src/ili9341.o
LOAD ./Core/Src/main.o
LOAD ./Core/Src/stm32f4xx_hal_msp.o
LOAD ./Core/Src/stm32f4xx_it.o
LOAD ./Core/Src/syscalls.o
LOAD ./Core/Src/sysmem.o
LOAD ./Core/Src/system_stm32f4xx.o
LOAD ./Core/Startup/startup_stm32f407vgtx.o
LOAD ./Drivers/STM32F4xx_HAL_Driver/Src/stm32f4xx_hal.o
LOAD ./Drivers/STM32F4xx_HAL_Driver/Src/stm32f4xx_hal_cortex.o
LOAD ./Drivers/STM32F4xx_HAL_Driver/Src/stm32f4xx_hal_dma.o
LOAD ./Drivers/STM32F4xx_HAL_Driver/Src/stm32f4xx_hal_dma_ex.o
LOAD ./Drivers/STM32F4xx_HAL_Driver/Src/stm32f4xx_hal_exti.o
LOAD ./Drivers/STM32F4xx_HAL_Driver/Src/stm32f4xx_hal_flash.o
LOAD ./Drivers/STM32F4xx_HAL_Driver/Src/stm32f4xx_hal_flash_ex.o
LOAD ./Drivers/STM32F4xx_HAL_Driver/Src/stm32f4xx_hal_flash_ramfunc.o
LOAD ./Drivers/STM32F4xx_HAL_Driver/Src/stm32f4xx_hal_gpio.o
LOAD ./Drivers/STM32F4xx_HAL_Driver/Src/stm32f4xx_hal_pwr.o
LOAD ./Drivers/STM32F4xx_HAL_Driver/Src/stm32f4xx_hal_pwr_ex.o
LOAD ./Drivers/STM32F4xx_HAL_Driver/Src/stm32f4xx_hal_rcc.o
LOAD ./Drivers/STM32F4xx_HAL_Driver/Src/stm32f4xx_hal_rcc_ex.o
LOAD ./Drivers/STM32F4xx_HAL_Driver/Src/stm32f4xx_hal_spi.o
LOAD ./FATFS/App/fatfs.o
LOAD ./FATFS/Target/user_diskio.o
LOAD ./Middlewares/Third_Party/FatFs/src/diskio.o
LOAD ./Middlewares/Third_Party/FatFs/src/ff.o
LOAD ./Middlewares/Third_Party/FatFs/src/ff_gen_drv.o
LOAD ./Middlewares/Third_Party/FatFs/src/option/ccsbcs.o
LOAD ./Middlewares/Third_Party/FatFs/src/option/syscall.o
START GROUP
LOAD c:/st/stm32cubeide_1.11.0/stm32cubeide/plugins/com.st.stm32cube.ide.mcu.externaltools.gnu-tools-for-stm32.10.3-2021.10.win32_1.0.100.202210260954/tools/bin/../lib/gcc/arm-none-eabi/10.3.1/../../../../arm-none-eabi/lib/thumb/v7e-m+fp/hard\libc_nano.a
LOAD c:/st/stm32cubeide_1.11.0/stm32cubeide/plugins/com.st.stm32cube.ide.mcu.externaltools.gnu-tools-for-stm32.10.3-2021.10.win32_1.0.100.202210260954/tools/bin/../lib/gcc/arm-none-eabi/10.3.1/../../../../arm-none-eabi/lib/thumb/v7e-m+fp/hard\libm.a
END GROUP
START GROUP
LOAD c:/st/stm32cubeide_1.11.0/stm32cubeide/plugins/com.st.stm32cube.ide.mcu.externaltools.gnu-tools-for-stm32.10.3-2021.10.win32_1.0.100.202210260954/tools/bin/../lib/gcc/arm-none-eabi/10.3.1/thumb/v7e-m+fp/hard\libgcc.a
LOAD c:/st/stm32cubeide_1.11.0/stm32cubeide/plugins/com.st.stm32cube.ide.mcu.externaltools.gnu-tools-for-stm32.10.3-2021.10.win32_1.0.100.202210260954/tools/bin/../lib/gcc/arm-none-eabi/10.3.1/../../../../arm-none-eabi/lib/thumb/v7e-m+fp/hard\libc_nano.a
END GROUP
START GROUP
LOAD c:/st/stm32cubeide_1.11.0/stm32cubeide/plugins/com.st.stm32cube.ide.mcu.externaltools.gnu-tools-for-stm32.10.3-2021.10.win32_1.0.100.202210260954/tools/bin/../lib/gcc/arm-none-eabi/10.3.1/thumb/v7e-m+fp/hard\libgcc.a
LOAD c:/st/stm32cubeide_1.11.0/stm32cubeide/plugins/com.st.stm32cube.ide.mcu.externaltools.gnu-tools-for-stm32.10.3-2021.10.win32_1.0.100.202210260954/tools/bin/../lib/gcc/arm-none-eabi/10.3.1/../../../../arm-none-eabi/lib/thumb/v7e-m+fp/hard\libc_nano.a
LOAD c:/st/stm32cubeide_1.11.0/stm32cubeide/plugins/com.st.stm32cube.ide.mcu.externaltools.gnu-tools-for-stm32.10.3-2021.10.win32_1.0.100.202210260954/tools/bin/../lib/gcc/arm-none-eabi/10.3.1/../../../../arm-none-eabi/lib/thumb/v7e-m+fp/hard\libnosys.a
END GROUP
START GROUP
LOAD c:/st/stm32cubeide_1.11.0/stm32cubeide/plugins/com.st.stm32cube.ide.mcu.externaltools.gnu-tools-for-stm32.10.3-2021.10.win32_1.0.100.202210260954/tools/bin/../lib/gcc/arm-none-eabi/10.3.1/thumb/v7e-m+fp/hard\libgcc.a
LOAD c:/st/stm32cubeide_1.11.0/stm32cubeide/plugins/com.st.stm32cube.ide.mcu.externaltools.gnu-tools-for-stm32.10.3-2021.10.win32_1.0.100.202210260954/tools/bin/../lib/gcc/arm-none-eabi/10.3.1/../../../../arm-none-eabi/lib/thumb/v7e-m+fp/hard\libc_nano.a
LOAD c:/st/stm32cubeide_1.11.0/stm32cubeide/plugins/com.st.stm32cube.ide.mcu.externaltools.gnu-tools-for-stm32.10.3-2021.10.win32_1.0.100.202210260954/tools/bin/../lib/gcc/arm-none-eabi/10.3.1/../../../../arm-none-eabi/lib/thumb/v7e-m+fp/hard\libnosys.a
END GROUP
LOAD c:/st/stm32cubeide_1.11.0/stm32cubeide/plugins/com.st.stm32cube.ide.mcu.externaltools.gnu-tools-for-stm32.10.3-2021.10.win32_1.0.100.202210260954/tools/bin/../lib/gcc/arm-none-eabi/10.3.1/thumb/v7e-m+fp/hard/crtend.o
LOAD c:/st/stm32cubeide_1.11.0/stm32cubeide/plugins/com.st.stm32cube.ide.mcu.externaltools.gnu-tools-for-stm32.10.3-2021.10.win32_1.0.100.202210260954/tools/bin/../lib/gcc/arm-none-eabi/10.3.1/thumb/v7e-m+fp/hard/crtn.o
                0x0000000020020000                _estack = (ORIGIN (RAM) + LENGTH (RAM))
                0x0000000000000200                _Min_Heap_Size = 0x200
                0x0000000000000400                _Min_Stack_Size = 0x400

.isr_vector     0x0000000008000000      0x188
                0x0000000008000000                . = ALIGN (0x4)
 *(.isr_vector)
 .isr_vector    0x0000000008000000      0x188 ./Core/Startup/startup_stm32f407vgtx.o
                0x0000000008000000                g_pfnVectors
                0x0000000008000188                . = ALIGN (0x4)

.text           0x0000000008000190     0x7fc4
                0x0000000008000190                . = ALIGN (0x4)
 *(.text)
 .text          0x0000000008000190       0x40 c:/st/stm32cubeide_1.11.0/stm32cubeide/plugins/com.st.stm32cube.ide.mcu.externaltools.gnu-tools-for-stm32.10.3-2021.10.win32_1.0.100.202210260954/tools/bin/../lib/gcc/arm-none-eabi/10.3.1/thumb/v7e-m+fp/hard/crtbegin.o
 .text          0x00000000080001d0       0xa0 c:/st/stm32cubeide_1.11.0/stm32cubeide/plugins/com.st.stm32cube.ide.mcu.externaltools.gnu-tools-for-stm32.10.3-2021.10.win32_1.0.100.202210260954/tools/bin/../lib/gcc/arm-none-eabi/10.3.1/../../../../arm-none-eabi/lib/thumb/v7e-m+fp/hard\libc_nano.a(lib_a-memchr.o)
                0x00000000080001d0                memchr
 .text          0x0000000008000270       0x30 c:/st/stm32cubeide_1.11.0/stm32cubeide/plugins/com.st.stm32cube.ide.mcu.externaltools.gnu-tools-for-stm32.10.3-2021.10.win32_1.0.100.202210260954/tools/bin/../lib/gcc/arm-none-eabi/10.3.1/thumb/v7e-m+fp/hard\libgcc.a(_aeabi_uldivmod.o)
                0x0000000008000270                __aeabi_uldivmod
 .text          0x00000000080002a0      0x2d0 c:/st/stm32cubeide_1.11.0/stm32cubeide/plugins/com.st.stm32cube.ide.mcu.externaltools.gnu-tools-for-stm32.10.3-2021.10.win32_1.0.100.202210260954/tools/bin/../lib/gcc/arm-none-eabi/10.3.1/thumb/v7e-m+fp/hard\libgcc.a(_udivmoddi4.o)
                0x00000000080002a0                __udivmoddi4
 .text          0x0000000008000570        0x4 c:/st/stm32cubeide_1.11.0/stm32cubeide/plugins/com.st.stm32cube.ide.mcu.externaltools.gnu-tools-for-stm32.10.3-2021.10.win32_1.0.100.202210260954/tools/bin/../lib/gcc/arm-none-eabi/10.3.1/thumb/v7e-m+fp/hard\libgcc.a(_dvmd_tls.o)
                0x0000000008000570                __aeabi_idiv0
                0x0000000008000570                __aeabi_ldiv0
 *(.text*)
 .text.SELECT   0x0000000008000574       0x18 ./Core/Src/fatfs_sd.o
 .text.DESELECT
                0x000000000800058c       0x18 ./Core/Src/fatfs_sd.o
 .text.SPI_TxByte
                0x00000000080005a4       0x34 ./Core/Src/fatfs_sd.o
 .text.SPI_RxByte
                0x00000000080005d8       0x3c ./Core/Src/fatfs_sd.o
 .text.SPI_RxBytePtr
                0x0000000008000614       0x1c ./Core/Src/fatfs_sd.o
 .text.SD_ReadyWait
                0x0000000008000630       0x38 ./Core/Src/fatfs_sd.o
 .text.SD_PowerOn
                0x0000000008000668       0x98 ./Core/Src/fatfs_sd.o
 .text.SD_PowerOff
                0x0000000008000700       0x18 ./Core/Src/fatfs_sd.o
 .text.SD_CheckPower
                0x0000000008000718       0x18 ./Core/Src/fatfs_sd.o
 .text.SD_RxDataBlock
                0x0000000008000730       0x6c ./Core/Src/fatfs_sd.o
 .text.SD_TxDataBlock
                0x000000000800079c       0xa8 ./Core/Src/fatfs_sd.o
 .text.SD_SendCmd
                0x0000000008000844       0xa4 ./Core/Src/fatfs_sd.o
 .text.SD_disk_initialize
                0x00000000080008e8      0x1d4 ./Core/Src/fatfs_sd.o
                0x00000000080008e8                SD_disk_initialize
 .text.SD_disk_status
                0x0000000008000abc       0x2c ./Core/Src/fatfs_sd.o
                0x0000000008000abc                SD_disk_status
 .text.SD_disk_read
                0x0000000008000ae8       0xd4 ./Core/Src/fatfs_sd.o
                0x0000000008000ae8                SD_disk_read
 .text.SD_disk_write
                0x0000000008000bbc      0x108 ./Core/Src/fatfs_sd.o
                0x0000000008000bbc                SD_disk_write
 .text.SD_disk_ioctl
                0x0000000008000cc4      0x264 ./Core/Src/fatfs_sd.o
                0x0000000008000cc4                SD_disk_ioctl
 .text.GraphicsInit
                0x0000000008000f28       0x10 ./Core/Src/graphics.o
                0x0000000008000f28                GraphicsInit
 .text.GraphicsClear
                0x0000000008000f38       0x24 ./Core/Src/graphics.o
                0x0000000008000f38                GraphicsClear
 .text.filledRectangleClip
                0x0000000008000f5c       0xe4 ./Core/Src/graphics.o
 .text.WriteCommand
                0x0000000008001040       0x30 ./Core/Src/ili9341.o
 .text.WriteData
                0x0000000008001070       0x30 ./Core/Src/ili9341.o
 .text.HAL_SPI_TxCpltCallback
                0x00000000080010a0       0x20 ./Core/Src/ili9341.o
                0x00000000080010a0                HAL_SPI_TxCpltCallback
 .text.ILI9341Reset
                0x00000000080010c0       0x2c ./Core/Src/ili9341.o
                0x00000000080010c0                ILI9341Reset
 .text.ILI9341Init
                0x00000000080010ec      0x224 ./Core/Src/ili9341.o
                0x00000000080010ec                ILI9341Init
 .text.SetWindow
                0x0000000008001310       0xa8 ./Core/Src/ili9341.o
 .text.ILI9341Pixel
                0x00000000080013b8       0x34 ./Core/Src/ili9341.o
                0x00000000080013b8                ILI9341Pixel
 .text.ILI9341FilledRectangle
                0x00000000080013ec       0xd0 ./Core/Src/ili9341.o
                0x00000000080013ec                ILI9341FilledRectangle
 .text.WriteDataDMA
                0x00000000080014bc       0x30 ./Core/Src/ili9341.o
 .text.WaitForDMAWriteComplete
                0x00000000080014ec       0x28 ./Core/Src/ili9341.o
 .text.displayImage
                0x0000000008001514      0x564 ./Core/Src/main.o
                0x0000000008001514                displayImage
 .text.main     0x0000000008001a78      0x154 ./Core/Src/main.o
                0x0000000008001a78                main
 .text.SystemClock_Config
                0x0000000008001bcc       0xd0 ./Core/Src/main.o
                0x0000000008001bcc                SystemClock_Config
 .text.MX_SPI1_Init
                0x0000000008001c9c       0x6c ./Core/Src/main.o
 .text.MX_SPI2_Init
                0x0000000008001d08       0x6c ./Core/Src/main.o
 .text.MX_DMA_Init
                0x0000000008001d74       0x40 ./Core/Src/main.o
 .text.MX_GPIO_Init
                0x0000000008001db4      0x13c ./Core/Src/main.o
 .text.Error_Handler
                0x0000000008001ef0        0xa ./Core/Src/main.o
                0x0000000008001ef0                Error_Handler
 *fill*         0x0000000008001efa        0x2 
 .text.HAL_MspInit
                0x0000000008001efc       0x50 ./Core/Src/stm32f4xx_hal_msp.o
                0x0000000008001efc                HAL_MspInit
 .text.HAL_SPI_MspInit
                0x0000000008001f4c      0x1a4 ./Core/Src/stm32f4xx_hal_msp.o
                0x0000000008001f4c                HAL_SPI_MspInit
 .text.SDTimer_Handler
                0x00000000080020f0       0x48 ./Core/Src/stm32f4xx_it.o
                0x00000000080020f0                SDTimer_Handler
 .text.NMI_Handler
                0x0000000008002138        0x6 ./Core/Src/stm32f4xx_it.o
                0x0000000008002138                NMI_Handler
 .text.HardFault_Handler
                0x000000000800213e        0x6 ./Core/Src/stm32f4xx_it.o
                0x000000000800213e                HardFault_Handler
 .text.MemManage_Handler
                0x0000000008002144        0x6 ./Core/Src/stm32f4xx_it.o
                0x0000000008002144                MemManage_Handler
 .text.BusFault_Handler
                0x000000000800214a        0x6 ./Core/Src/stm32f4xx_it.o
                0x000000000800214a                BusFault_Handler
 .text.UsageFault_Handler
                0x0000000008002150        0x6 ./Core/Src/stm32f4xx_it.o
                0x0000000008002150                UsageFault_Handler
 .text.SVC_Handler
                0x0000000008002156        0xe ./Core/Src/stm32f4xx_it.o
                0x0000000008002156                SVC_Handler
 .text.DebugMon_Handler
                0x0000000008002164        0xe ./Core/Src/stm32f4xx_it.o
                0x0000000008002164                DebugMon_Handler
 .text.PendSV_Handler
                0x0000000008002172        0xe ./Core/Src/stm32f4xx_it.o
                0x0000000008002172                PendSV_Handler
 .text.SysTick_Handler
                0x0000000008002180       0x34 ./Core/Src/stm32f4xx_it.o
                0x0000000008002180                SysTick_Handler
 .text.DMA2_Stream3_IRQHandler
                0x00000000080021b4       0x14 ./Core/Src/stm32f4xx_it.o
                0x00000000080021b4                DMA2_Stream3_IRQHandler
 .text._sbrk    0x00000000080021c8       0x6c ./Core/Src/sysmem.o
                0x00000000080021c8                _sbrk
 .text.SystemInit
                0x0000000008002234       0x24 ./Core/Src/system_stm32f4xx.o
                0x0000000008002234                SystemInit
 .text.Reset_Handler
                0x0000000008002258       0x50 ./Core/Startup/startup_stm32f407vgtx.o
                0x0000000008002258                Reset_Handler
 .text.Default_Handler
                0x00000000080022a8        0x2 ./Core/Startup/startup_stm32f407vgtx.o
                0x00000000080022a8                RTC_Alarm_IRQHandler
                0x00000000080022a8                HASH_RNG_IRQHandler
                0x00000000080022a8                EXTI2_IRQHandler
                0x00000000080022a8                TIM8_CC_IRQHandler
                0x00000000080022a8                TIM1_CC_IRQHandler
                0x00000000080022a8                DMA2_Stream5_IRQHandler
                0x00000000080022a8                DMA1_Stream5_IRQHandler
                0x00000000080022a8                PVD_IRQHandler
                0x00000000080022a8                SDIO_IRQHandler
                0x00000000080022a8                TAMP_STAMP_IRQHandler
                0x00000000080022a8                CAN2_RX1_IRQHandler
                0x00000000080022a8                EXTI3_IRQHandler
                0x00000000080022a8                TIM8_TRG_COM_TIM14_IRQHandler
                0x00000000080022a8                TIM1_UP_TIM10_IRQHandler
                0x00000000080022a8                TIM8_UP_TIM13_IRQHandler
                0x00000000080022a8                I2C3_ER_IRQHandler
                0x00000000080022a8                EXTI0_IRQHandler
                0x00000000080022a8                I2C2_EV_IRQHandler
                0x00000000080022a8                DMA1_Stream2_IRQHandler
                0x00000000080022a8                CAN1_RX0_IRQHandler
                0x00000000080022a8                FPU_IRQHandler
                0x00000000080022a8                OTG_HS_WKUP_IRQHandler
                0x00000000080022a8                CAN2_SCE_IRQHandler
                0x00000000080022a8                DMA2_Stream2_IRQHandler
                0x00000000080022a8                SPI1_IRQHandler
                0x00000000080022a8                TIM6_DAC_IRQHandler
                0x00000000080022a8                TIM1_BRK_TIM9_IRQHandler
                0x00000000080022a8                DCMI_IRQHandler
                0x00000000080022a8                CAN2_RX0_IRQHandler
                0x00000000080022a8                USART6_IRQHandler
                0x00000000080022a8                USART3_IRQHandler
                0x00000000080022a8                CAN1_RX1_IRQHandler
                0x00000000080022a8                UART5_IRQHandler
                0x00000000080022a8                DMA2_Stream0_IRQHandler
                0x00000000080022a8                TIM4_IRQHandler
                0x00000000080022a8                I2C1_EV_IRQHandler
                0x00000000080022a8                DMA1_Stream6_IRQHandler
                0x00000000080022a8                DMA1_Stream1_IRQHandler
                0x00000000080022a8                UART4_IRQHandler
                0x00000000080022a8                TIM3_IRQHandler
                0x00000000080022a8                RCC_IRQHandler
                0x00000000080022a8                TIM8_BRK_TIM12_IRQHandler
                0x00000000080022a8                Default_Handler
                0x00000000080022a8                EXTI15_10_IRQHandler
                0x00000000080022a8                ADC_IRQHandler
                0x00000000080022a8                DMA1_Stream7_IRQHandler
                0x00000000080022a8                TIM7_IRQHandler
                0x00000000080022a8                CAN2_TX_IRQHandler
                0x00000000080022a8                TIM5_IRQHandler
                0x00000000080022a8                DMA2_Stream7_IRQHandler
                0x00000000080022a8                I2C3_EV_IRQHandler
                0x00000000080022a8                EXTI9_5_IRQHandler
                0x00000000080022a8                RTC_WKUP_IRQHandler
                0x00000000080022a8                ETH_WKUP_IRQHandler
                0x00000000080022a8                SPI2_IRQHandler
                0x00000000080022a8                OTG_HS_EP1_IN_IRQHandler
                0x00000000080022a8                DMA1_Stream0_IRQHandler
                0x00000000080022a8                CAN1_TX_IRQHandler
                0x00000000080022a8                EXTI4_IRQHandler
                0x00000000080022a8                FSMC_IRQHandler
                0x00000000080022a8                ETH_IRQHandler
                0x00000000080022a8                OTG_HS_EP1_OUT_IRQHandler
                0x00000000080022a8                WWDG_IRQHandler
                0x00000000080022a8                TIM2_IRQHandler
                0x00000000080022a8                OTG_FS_WKUP_IRQHandler
                0x00000000080022a8                TIM1_TRG_COM_TIM11_IRQHandler
                0x00000000080022a8                OTG_HS_IRQHandler
                0x00000000080022a8                EXTI1_IRQHandler
                0x00000000080022a8                USART2_IRQHandler
                0x00000000080022a8                I2C2_ER_IRQHandler
                0x00000000080022a8                DMA2_Stream1_IRQHandler
                0x00000000080022a8                CAN1_SCE_IRQHandler
                0x00000000080022a8                FLASH_IRQHandler
                0x00000000080022a8                DMA2_Stream4_IRQHandler
                0x00000000080022a8                USART1_IRQHandler
                0x00000000080022a8                OTG_FS_IRQHandler
                0x00000000080022a8                SPI3_IRQHandler
                0x00000000080022a8                DMA1_Stream4_IRQHandler
                0x00000000080022a8                I2C1_ER_IRQHandler
                0x00000000080022a8                DMA2_Stream6_IRQHandler
                0x00000000080022a8                DMA1_Stream3_IRQHandler
 *fill*         0x00000000080022aa        0x2 
 .text.HAL_Init
                0x00000000080022ac       0x44 ./Drivers/STM32F4xx_HAL_Driver/Src/stm32f4xx_hal.o
                0x00000000080022ac                HAL_Init
 .text.HAL_InitTick
                0x00000000080022f0       0x60 ./Drivers/STM32F4xx_HAL_Driver/Src/stm32f4xx_hal.o
                0x00000000080022f0                HAL_InitTick
 .text.HAL_IncTick
                0x0000000008002350       0x28 ./Drivers/STM32F4xx_HAL_Driver/Src/stm32f4xx_hal.o
                0x0000000008002350                HAL_IncTick
 .text.HAL_GetTick
                0x0000000008002378       0x18 ./Drivers/STM32F4xx_HAL_Driver/Src/stm32f4xx_hal.o
                0x0000000008002378                HAL_GetTick
 .text.HAL_Delay
                0x0000000008002390       0x48 ./Drivers/STM32F4xx_HAL_Driver/Src/stm32f4xx_hal.o
                0x0000000008002390                HAL_Delay
 .text.__NVIC_SetPriorityGrouping
                0x00000000080023d8       0x48 ./Drivers/STM32F4xx_HAL_Driver/Src/stm32f4xx_hal_cortex.o
 .text.__NVIC_GetPriorityGrouping
                0x0000000008002420       0x1c ./Drivers/STM32F4xx_HAL_Driver/Src/stm32f4xx_hal_cortex.o
 .text.__NVIC_EnableIRQ
                0x000000000800243c       0x3c ./Drivers/STM32F4xx_HAL_Driver/Src/stm32f4xx_hal_cortex.o
 .text.__NVIC_SetPriority
                0x0000000008002478       0x54 ./Drivers/STM32F4xx_HAL_Driver/Src/stm32f4xx_hal_cortex.o
 .text.NVIC_EncodePriority
                0x00000000080024cc       0x66 ./Drivers/STM32F4xx_HAL_Driver/Src/stm32f4xx_hal_cortex.o
 *fill*         0x0000000008002532        0x2 
 .text.SysTick_Config
                0x0000000008002534       0x44 ./Drivers/STM32F4xx_HAL_Driver/Src/stm32f4xx_hal_cortex.o
 .text.HAL_NVIC_SetPriorityGrouping
                0x0000000008002578       0x16 ./Drivers/STM32F4xx_HAL_Driver/Src/stm32f4xx_hal_cortex.o
                0x0000000008002578                HAL_NVIC_SetPriorityGrouping
 .text.HAL_NVIC_SetPriority
                0x000000000800258e       0x38 ./Drivers/STM32F4xx_HAL_Driver/Src/stm32f4xx_hal_cortex.o
                0x000000000800258e                HAL_NVIC_SetPriority
 .text.HAL_NVIC_EnableIRQ
                0x00000000080025c6       0x1c ./Drivers/STM32F4xx_HAL_Driver/Src/stm32f4xx_hal_cortex.o
                0x00000000080025c6                HAL_NVIC_EnableIRQ
 .text.HAL_SYSTICK_Config
                0x00000000080025e2       0x18 ./Drivers/STM32F4xx_HAL_Driver/Src/stm32f4xx_hal_cortex.o
                0x00000000080025e2                HAL_SYSTICK_Config
 *fill*         0x00000000080025fa        0x2 
 .text.HAL_DMA_Init
                0x00000000080025fc      0x15c ./Drivers/STM32F4xx_HAL_Driver/Src/stm32f4xx_hal_dma.o
                0x00000000080025fc                HAL_DMA_Init
 .text.HAL_DMA_Start_IT
                0x0000000008002758       0xb0 ./Drivers/STM32F4xx_HAL_Driver/Src/stm32f4xx_hal_dma.o
                0x0000000008002758                HAL_DMA_Start_IT
 .text.HAL_DMA_IRQHandler
                0x0000000008002808      0x314 ./Drivers/STM32F4xx_HAL_Driver/Src/stm32f4xx_hal_dma.o
                0x0000000008002808                HAL_DMA_IRQHandler
 .text.DMA_SetConfig
                0x0000000008002b1c       0x5c ./Drivers/STM32F4xx_HAL_Driver/Src/stm32f4xx_hal_dma.o
 .text.DMA_CalcBaseAndBitshift
                0x0000000008002b78       0x6c ./Drivers/STM32F4xx_HAL_Driver/Src/stm32f4xx_hal_dma.o
 .text.DMA_CheckFifoParam
                0x0000000008002be4       0xf8 ./Drivers/STM32F4xx_HAL_Driver/Src/stm32f4xx_hal_dma.o
 .text.HAL_GPIO_Init
                0x0000000008002cdc      0x338 ./Drivers/STM32F4xx_HAL_Driver/Src/stm32f4xx_hal_gpio.o
                0x0000000008002cdc                HAL_GPIO_Init
 .text.HAL_GPIO_ReadPin
                0x0000000008003014       0x30 ./Drivers/STM32F4xx_HAL_Driver/Src/stm32f4xx_hal_gpio.o
                0x0000000008003014                HAL_GPIO_ReadPin
 .text.HAL_GPIO_WritePin
                0x0000000008003044       0x32 ./Drivers/STM32F4xx_HAL_Driver/Src/stm32f4xx_hal_gpio.o
                0x0000000008003044                HAL_GPIO_WritePin
 *fill*         0x0000000008003076        0x2 
 .text.HAL_RCC_OscConfig
                0x0000000008003078      0x4f0 ./Drivers/STM32F4xx_HAL_Driver/Src/stm32f4xx_hal_rcc.o
                0x0000000008003078                HAL_RCC_OscConfig
 .text.HAL_RCC_ClockConfig
                0x0000000008003568      0x1cc ./Drivers/STM32F4xx_HAL_Driver/Src/stm32f4xx_hal_rcc.o
                0x0000000008003568                HAL_RCC_ClockConfig
 .text.HAL_RCC_GetSysClockFreq
                0x0000000008003734      0x20c ./Drivers/STM32F4xx_HAL_Driver/Src/stm32f4xx_hal_rcc.o
                0x0000000008003734                HAL_RCC_GetSysClockFreq
 .text.HAL_SPI_Init
                0x0000000008003940      0x112 ./Drivers/STM32F4xx_HAL_Driver/Src/stm32f4xx_hal_spi.o
                0x0000000008003940                HAL_SPI_Init
 .text.HAL_SPI_Transmit
                0x0000000008003a52      0x278 ./Drivers/STM32F4xx_HAL_Driver/Src/stm32f4xx_hal_spi.o
                0x0000000008003a52                HAL_SPI_Transmit
 .text.HAL_SPI_TransmitReceive
                0x0000000008003cca      0x344 ./Drivers/STM32F4xx_HAL_Driver/Src/stm32f4xx_hal_spi.o
                0x0000000008003cca                HAL_SPI_TransmitReceive
 *fill*         0x000000000800400e        0x2 
 .text.HAL_SPI_Transmit_DMA
                0x0000000008004010      0x16c ./Drivers/STM32F4xx_HAL_Driver/Src/stm32f4xx_hal_spi.o
                0x0000000008004010                HAL_SPI_Transmit_DMA
 .text.HAL_SPI_TxHalfCpltCallback
                0x000000000800417c       0x14 ./Drivers/STM32F4xx_HAL_Driver/Src/stm32f4xx_hal_spi.o
                0x000000000800417c                HAL_SPI_TxHalfCpltCallback
 .text.HAL_SPI_ErrorCallback
                0x0000000008004190       0x14 ./Drivers/STM32F4xx_HAL_Driver/Src/stm32f4xx_hal_spi.o
                0x0000000008004190                HAL_SPI_ErrorCallback
 .text.HAL_SPI_GetState
                0x00000000080041a4       0x1c ./Drivers/STM32F4xx_HAL_Driver/Src/stm32f4xx_hal_spi.o
                0x00000000080041a4                HAL_SPI_GetState
 .text.SPI_DMATransmitCplt
                0x00000000080041c0       0xa8 ./Drivers/STM32F4xx_HAL_Driver/Src/stm32f4xx_hal_spi.o
 .text.SPI_DMAHalfTransmitCplt
                0x0000000008004268       0x1c ./Drivers/STM32F4xx_HAL_Driver/Src/stm32f4xx_hal_spi.o
 .text.SPI_DMAError
                0x0000000008004284       0x40 ./Drivers/STM32F4xx_HAL_Driver/Src/stm32f4xx_hal_spi.o
 .text.SPI_WaitFlagStateUntilTimeout
                0x00000000080042c4      0x110 ./Drivers/STM32F4xx_HAL_Driver/Src/stm32f4xx_hal_spi.o
 .text.SPI_EndRxTxTransaction
                0x00000000080043d4       0x84 ./Drivers/STM32F4xx_HAL_Driver/Src/stm32f4xx_hal_spi.o
 .text.MX_FATFS_Init
                0x0000000008004458       0x24 ./FATFS/App/fatfs.o
                0x0000000008004458                MX_FATFS_Init
 .text.get_fattime
                0x000000000800447c       0x10 ./FATFS/App/fatfs.o
                0x000000000800447c                get_fattime
 .text.USER_initialize
                0x000000000800448c       0x2c ./FATFS/Target/user_diskio.o
                0x000000000800448c                USER_initialize
 .text.USER_status
                0x00000000080044b8       0x2c ./FATFS/Target/user_diskio.o
                0x00000000080044b8                USER_status
 .text.USER_read
                0x00000000080044e4       0x28 ./FATFS/Target/user_diskio.o
                0x00000000080044e4                USER_read
 .text.USER_write
                0x000000000800450c       0x28 ./FATFS/Target/user_diskio.o
                0x000000000800450c                USER_write
 .text.USER_ioctl
                0x0000000008004534       0x2a ./FATFS/Target/user_diskio.o
                0x0000000008004534                USER_ioctl
 *fill*         0x000000000800455e        0x2 
 .text.disk_status
                0x0000000008004560       0x34 ./Middlewares/Third_Party/FatFs/src/diskio.o
                0x0000000008004560                disk_status
 .text.disk_initialize
                0x0000000008004594       0x4c ./Middlewares/Third_Party/FatFs/src/diskio.o
                0x0000000008004594                disk_initialize
 .text.disk_read
                0x00000000080045e0       0x40 ./Middlewares/Third_Party/FatFs/src/diskio.o
                0x00000000080045e0                disk_read
 .text.disk_write
                0x0000000008004620       0x40 ./Middlewares/Third_Party/FatFs/src/diskio.o
                0x0000000008004620                disk_write
 .text.disk_ioctl
                0x0000000008004660       0x3c ./Middlewares/Third_Party/FatFs/src/diskio.o
                0x0000000008004660                disk_ioctl
 .text.ld_word  0x000000000800469c       0x30 ./Middlewares/Third_Party/FatFs/src/ff.o
 .text.ld_dword
                0x00000000080046cc       0x46 ./Middlewares/Third_Party/FatFs/src/ff.o
 .text.st_word  0x0000000008004712       0x36 ./Middlewares/Third_Party/FatFs/src/ff.o
 .text.st_dword
                0x0000000008004748       0x58 ./Middlewares/Third_Party/FatFs/src/ff.o
 .text.mem_cpy  0x00000000080047a0       0x42 ./Middlewares/Third_Party/FatFs/src/ff.o
 .text.mem_set  0x00000000080047e2       0x36 ./Middlewares/Third_Party/FatFs/src/ff.o
 .text.mem_cmp  0x0000000008004818       0x4e ./Middlewares/Third_Party/FatFs/src/ff.o
 .text.chk_chr  0x0000000008004866       0x36 ./Middlewares/Third_Party/FatFs/src/ff.o
 .text.chk_lock
                0x000000000800489c       0xb8 ./Middlewares/Third_Party/FatFs/src/ff.o
 .text.enq_lock
                0x0000000008004954       0x44 ./Middlewares/Third_Party/FatFs/src/ff.o
 .text.inc_lock
                0x0000000008004998      0x11c ./Middlewares/Third_Party/FatFs/src/ff.o
 .text.dec_lock
                0x0000000008004ab4       0x78 ./Middlewares/Third_Party/FatFs/src/ff.o
 .text.clear_lock
                0x0000000008004b2c       0x48 ./Middlewares/Third_Party/FatFs/src/ff.o
 .text.sync_window
                0x0000000008004b74       0x88 ./Middlewares/Third_Party/FatFs/src/ff.o
 .text.move_window
                0x0000000008004bfc       0x5a ./Middlewares/Third_Party/FatFs/src/ff.o
 *fill*         0x0000000008004c56        0x2 
 .text.sync_fs  0x0000000008004c58       0xe0 ./Middlewares/Third_Party/FatFs/src/ff.o
 .text.clust2sect
                0x0000000008004d38       0x3e ./Middlewares/Third_Party/FatFs/src/ff.o
 .text.get_fat  0x0000000008004d76      0x1a8 ./Middlewares/Third_Party/FatFs/src/ff.o
 .text.put_fat  0x0000000008004f1e      0x238 ./Middlewares/Third_Party/FatFs/src/ff.o
 .text.remove_chain
                0x0000000008005156       0xca ./Middlewares/Third_Party/FatFs/src/ff.o
 .text.create_chain
                0x0000000008005220      0x130 ./Middlewares/Third_Party/FatFs/src/ff.o
 .text.clmt_clust
                0x0000000008005350       0x70 ./Middlewares/Third_Party/FatFs/src/ff.o
 .text.dir_sdi  0x00000000080053c0      0x112 ./Middlewares/Third_Party/FatFs/src/ff.o
 .text.dir_next
                0x00000000080054d2      0x1ac ./Middlewares/Third_Party/FatFs/src/ff.o
 .text.dir_alloc
                0x000000000800567e       0x8e ./Middlewares/Third_Party/FatFs/src/ff.o
 .text.ld_clust
                0x000000000800570c       0x3e ./Middlewares/Third_Party/FatFs/src/ff.o
 .text.st_clust
                0x000000000800574a       0x40 ./Middlewares/Third_Party/FatFs/src/ff.o
 *fill*         0x000000000800578a        0x2 
 .text.cmp_lfn  0x000000000800578c       0xe0 ./Middlewares/Third_Party/FatFs/src/ff.o
 .text.put_lfn  0x000000000800586c       0xd0 ./Middlewares/Third_Party/FatFs/src/ff.o
 .text.gen_numname
                0x000000000800593c      0x11c ./Middlewares/Third_Party/FatFs/src/ff.o
 .text.sum_sfn  0x0000000008005a58       0x42 ./Middlewares/Third_Party/FatFs/src/ff.o
 .text.dir_find
                0x0000000008005a9a      0x180 ./Middlewares/Third_Party/FatFs/src/ff.o
 *fill*         0x0000000008005c1a        0x2 
 .text.dir_register
                0x0000000008005c1c      0x1f0 ./Middlewares/Third_Party/FatFs/src/ff.o
 .text.create_name
                0x0000000008005e0c      0x370 ./Middlewares/Third_Party/FatFs/src/ff.o
 .text.follow_path
                0x000000000800617c       0xec ./Middlewares/Third_Party/FatFs/src/ff.o
 .text.get_ldnumber
                0x0000000008006268       0x88 ./Middlewares/Third_Party/FatFs/src/ff.o
 .text.check_fs
                0x00000000080062f0       0xac ./Middlewares/Third_Party/FatFs/src/ff.o
 .text.find_volume
                0x000000000800639c      0x50c ./Middlewares/Third_Party/FatFs/src/ff.o
 .text.validate
                0x00000000080068a8       0x6a ./Middlewares/Third_Party/FatFs/src/ff.o
 *fill*         0x0000000008006912        0x2 
 .text.f_mount  0x0000000008006914       0x8c ./Middlewares/Third_Party/FatFs/src/ff.o
                0x0000000008006914                f_mount
 .text.f_open   0x00000000080069a0      0x398 ./Middlewares/Third_Party/FatFs/src/ff.o
                0x00000000080069a0                f_open
 .text.f_read   0x0000000008006d38      0x2be ./Middlewares/Third_Party/FatFs/src/ff.o
                0x0000000008006d38                f_read
 .text.f_sync   0x0000000008006ff6       0xfc ./Middlewares/Third_Party/FatFs/src/ff.o
                0x0000000008006ff6                f_sync
 .text.f_close  0x00000000080070f2       0x54 ./Middlewares/Third_Party/FatFs/src/ff.o
                0x00000000080070f2                f_close
 .text.f_lseek  0x0000000008007146      0x448 ./Middlewares/Third_Party/FatFs/src/ff.o
                0x0000000008007146                f_lseek
 *fill*         0x000000000800758e        0x2 
 .text.FATFS_LinkDriverEx
                0x0000000008007590       0x98 ./Middlewares/Third_Party/FatFs/src/ff_gen_drv.o
                0x0000000008007590                FATFS_LinkDriverEx
 .text.FATFS_LinkDriver
                0x0000000008007628       0x1e ./Middlewares/Third_Party/FatFs/src/ff_gen_drv.o
                0x0000000008007628                FATFS_LinkDriver
 *fill*         0x0000000008007646        0x2 
 .text.ff_convert
                0x0000000008007648       0x78 ./Middlewares/Third_Party/FatFs/src/option/ccsbcs.o
                0x0000000008007648                ff_convert
 .text.ff_wtoupper
                0x00000000080076c0      0x114 ./Middlewares/Third_Party/FatFs/src/option/ccsbcs.o
                0x00000000080076c0                ff_wtoupper
 .text.__errno  0x00000000080077d4        0xc c:/st/stm32cubeide_1.11.0/stm32cubeide/plugins/com.st.stm32cube.ide.mcu.externaltools.gnu-tools-for-stm32.10.3-2021.10.win32_1.0.100.202210260954/tools/bin/../lib/gcc/arm-none-eabi/10.3.1/../../../../arm-none-eabi/lib/thumb/v7e-m+fp/hard\libc_nano.a(lib_a-errno.o)
                0x00000000080077d4                __errno
 .text.__libc_init_array
                0x00000000080077e0       0x48 c:/st/stm32cubeide_1.11.0/stm32cubeide/plugins/com.st.stm32cube.ide.mcu.externaltools.gnu-tools-for-stm32.10.3-2021.10.win32_1.0.100.202210260954/tools/bin/../lib/gcc/arm-none-eabi/10.3.1/../../../../arm-none-eabi/lib/thumb/v7e-m+fp/hard\libc_nano.a(lib_a-init.o)
                0x00000000080077e0                __libc_init_array
 .text.memset   0x0000000008007828       0x10 c:/st/stm32cubeide_1.11.0/stm32cubeide/plugins/com.st.stm32cube.ide.mcu.externaltools.gnu-tools-for-stm32.10.3-2021.10.win32_1.0.100.202210260954/tools/bin/../lib/gcc/arm-none-eabi/10.3.1/../../../../arm-none-eabi/lib/thumb/v7e-m+fp/hard\libc_nano.a(lib_a-memset.o)
                0x0000000008007828                memset
 .text.snprintf
                0x0000000008007838       0x68 c:/st/stm32cubeide_1.11.0/stm32cubeide/plugins/com.st.stm32cube.ide.mcu.externaltools.gnu-tools-for-stm32.10.3-2021.10.win32_1.0.100.202210260954/tools/bin/../lib/gcc/arm-none-eabi/10.3.1/../../../../arm-none-eabi/lib/thumb/v7e-m+fp/hard\libc_nano.a(lib_a-snprintf.o)
                0x0000000008007838                sniprintf
                0x0000000008007838                snprintf
 .text.__ssputs_r
                0x00000000080078a0       0xb6 c:/st/stm32cubeide_1.11.0/stm32cubeide/plugins/com.st.stm32cube.ide.mcu.externaltools.gnu-tools-for-stm32.10.3-2021.10.win32_1.0.100.202210260954/tools/bin/../lib/gcc/arm-none-eabi/10.3.1/../../../../arm-none-eabi/lib/thumb/v7e-m+fp/hard\libc_nano.a(lib_a-nano-svfprintf.o)
                0x00000000080078a0                __ssputs_r
 *fill*         0x0000000008007956        0x2 
 .text._svfprintf_r
                0x0000000008007958      0x200 c:/st/stm32cubeide_1.11.0/stm32cubeide/plugins/com.st.stm32cube.ide.mcu.externaltools.gnu-tools-for-stm32.10.3-2021.10.win32_1.0.100.202210260954/tools/bin/../lib/gcc/arm-none-eabi/10.3.1/../../../../arm-none-eabi/lib/thumb/v7e-m+fp/hard\libc_nano.a(lib_a-nano-svfprintf.o)
                0x0000000008007958                _svfiprintf_r
                0x0000000008007958                _svfprintf_r
 .text._printf_common
                0x0000000008007b58       0xda c:/st/stm32cubeide_1.11.0/stm32cubeide/plugins/com.st.stm32cube.ide.mcu.externaltools.gnu-tools-for-stm32.10.3-2021.10.win32_1.0.100.202210260954/tools/bin/../lib/gcc/arm-none-eabi/10.3.1/../../../../arm-none-eabi/lib/thumb/v7e-m+fp/hard\libc_nano.a(lib_a-nano-vfprintf_i.o)
                0x0000000008007b58                _printf_common
 *fill*         0x0000000008007c32        0x2 
 .text._printf_i
                0x0000000008007c34      0x24c c:/st/stm32cubeide_1.11.0/stm32cubeide/plugins/com.st.stm32cube.ide.mcu.externaltools.gnu-tools-for-stm32.10.3-2021.10.win32_1.0.100.202210260954/tools/bin/../lib/gcc/arm-none-eabi/10.3.1/../../../../arm-none-eabi/lib/thumb/v7e-m+fp/hard\libc_nano.a(lib_a-nano-vfprintf_i.o)
                0x0000000008007c34                _printf_i
 .text.memcpy   0x0000000008007e80       0x1c c:/st/stm32cubeide_1.11.0/stm32cubeide/plugins/com.st.stm32cube.ide.mcu.externaltools.gnu-tools-for-stm32.10.3-2021.10.win32_1.0.100.202210260954/tools/bin/../lib/gcc/arm-none-eabi/10.3.1/../../../../arm-none-eabi/lib/thumb/v7e-m+fp/hard\libc_nano.a(lib_a-memcpy-stub.o)
                0x0000000008007e80                memcpy
 .text.memmove  0x0000000008007e9c       0x34 c:/st/stm32cubeide_1.11.0/stm32cubeide/plugins/com.st.stm32cube.ide.mcu.externaltools.gnu-tools-for-stm32.10.3-2021.10.win32_1.0.100.202210260954/tools/bin/../lib/gcc/arm-none-eabi/10.3.1/../../../../arm-none-eabi/lib/thumb/v7e-m+fp/hard\libc_nano.a(lib_a-memmove.o)
                0x0000000008007e9c                memmove
 .text._free_r  0x0000000008007ed0       0x98 c:/st/stm32cubeide_1.11.0/stm32cubeide/plugins/com.st.stm32cube.ide.mcu.externaltools.gnu-tools-for-stm32.10.3-2021.10.win32_1.0.100.202210260954/tools/bin/../lib/gcc/arm-none-eabi/10.3.1/../../../../arm-none-eabi/lib/thumb/v7e-m+fp/hard\libc_nano.a(lib_a-nano-freer.o)
                0x0000000008007ed0                _free_r
 .text.sbrk_aligned
                0x0000000008007f68       0x40 c:/st/stm32cubeide_1.11.0/stm32cubeide/plugins/com.st.stm32cube.ide.mcu.externaltools.gnu-tools-for-stm32.10.3-2021.10.win32_1.0.100.202210260954/tools/bin/../lib/gcc/arm-none-eabi/10.3.1/../../../../arm-none-eabi/lib/thumb/v7e-m+fp/hard\libc_nano.a(lib_a-nano-mallocr.o)
 .text._malloc_r
                0x0000000008007fa8       0xe8 c:/st/stm32cubeide_1.11.0/stm32cubeide/plugins/com.st.stm32cube.ide.mcu.externaltools.gnu-tools-for-stm32.10.3-2021.10.win32_1.0.100.202210260954/tools/bin/../lib/gcc/arm-none-eabi/10.3.1/../../../../arm-none-eabi/lib/thumb/v7e-m+fp/hard\libc_nano.a(lib_a-nano-mallocr.o)
                0x0000000008007fa8                _malloc_r
 .text._realloc_r
                0x0000000008008090       0x5e c:/st/stm32cubeide_1.11.0/stm32cubeide/plugins/com.st.stm32cube.ide.mcu.externaltools.gnu-tools-for-stm32.10.3-2021.10.win32_1.0.100.202210260954/tools/bin/../lib/gcc/arm-none-eabi/10.3.1/../../../../arm-none-eabi/lib/thumb/v7e-m+fp/hard\libc_nano.a(lib_a-nano-reallocr.o)
                0x0000000008008090                _realloc_r
 *fill*         0x00000000080080ee        0x2 
 .text._sbrk_r  0x00000000080080f0       0x20 c:/st/stm32cubeide_1.11.0/stm32cubeide/plugins/com.st.stm32cube.ide.mcu.externaltools.gnu-tools-for-stm32.10.3-2021.10.win32_1.0.100.202210260954/tools/bin/../lib/gcc/arm-none-eabi/10.3.1/../../../../arm-none-eabi/lib/thumb/v7e-m+fp/hard\libc_nano.a(lib_a-sbrkr.o)
                0x00000000080080f0                _sbrk_r
 .text.__malloc_lock
                0x0000000008008110        0xc c:/st/stm32cubeide_1.11.0/stm32cubeide/plugins/com.st.stm32cube.ide.mcu.externaltools.gnu-tools-for-stm32.10.3-2021.10.win32_1.0.100.202210260954/tools/bin/../lib/gcc/arm-none-eabi/10.3.1/../../../../arm-none-eabi/lib/thumb/v7e-m+fp/hard\libc_nano.a(lib_a-mlock.o)
                0x0000000008008110                __malloc_lock
 .text.__malloc_unlock
                0x000000000800811c        0xc c:/st/stm32cubeide_1.11.0/stm32cubeide/plugins/com.st.stm32cube.ide.mcu.externaltools.gnu-tools-for-stm32.10.3-2021.10.win32_1.0.100.202210260954/tools/bin/../lib/gcc/arm-none-eabi/10.3.1/../../../../arm-none-eabi/lib/thumb/v7e-m+fp/hard\libc_nano.a(lib_a-mlock.o)
                0x000000000800811c                __malloc_unlock
 .text._malloc_usable_size_r
                0x0000000008008128       0x10 c:/st/stm32cubeide_1.11.0/stm32cubeide/plugins/com.st.stm32cube.ide.mcu.externaltools.gnu-tools-for-stm32.10.3-2021.10.win32_1.0.100.202210260954/tools/bin/../lib/gcc/arm-none-eabi/10.3.1/../../../../arm-none-eabi/lib/thumb/v7e-m+fp/hard\libc_nano.a(lib_a-nano-msizer.o)
                0x0000000008008128                _malloc_usable_size_r
 .text.__retarget_lock_acquire_recursive
                0x0000000008008138        0x2 c:/st/stm32cubeide_1.11.0/stm32cubeide/plugins/com.st.stm32cube.ide.mcu.externaltools.gnu-tools-for-stm32.10.3-2021.10.win32_1.0.100.202210260954/tools/bin/../lib/gcc/arm-none-eabi/10.3.1/../../../../arm-none-eabi/lib/thumb/v7e-m+fp/hard\libc_nano.a(lib_a-lock.o)
                0x0000000008008138                __retarget_lock_acquire_recursive
 .text.__retarget_lock_release_recursive
                0x000000000800813a        0x2 c:/st/stm32cubeide_1.11.0/stm32cubeide/plugins/com.st.stm32cube.ide.mcu.externaltools.gnu-tools-for-stm32.10.3-2021.10.win32_1.0.100.202210260954/tools/bin/../lib/gcc/arm-none-eabi/10.3.1/../../../../arm-none-eabi/lib/thumb/v7e-m+fp/hard\libc_nano.a(lib_a-lock.o)
                0x000000000800813a                __retarget_lock_release_recursive
 *(.glue_7)
 .glue_7        0x000000000800813c        0x0 linker stubs
 *(.glue_7t)
 .glue_7t       0x000000000800813c        0x0 linker stubs
 *(.eh_frame)
 .eh_frame      0x000000000800813c        0x0 c:/st/stm32cubeide_1.11.0/stm32cubeide/plugins/com.st.stm32cube.ide.mcu.externaltools.gnu-tools-for-stm32.10.3-2021.10.win32_1.0.100.202210260954/tools/bin/../lib/gcc/arm-none-eabi/10.3.1/thumb/v7e-m+fp/hard/crtbegin.o
 *(.init)
 .init          0x000000000800813c        0x4 c:/st/stm32cubeide_1.11.0/stm32cubeide/plugins/com.st.stm32cube.ide.mcu.externaltools.gnu-tools-for-stm32.10.3-2021.10.win32_1.0.100.202210260954/tools/bin/../lib/gcc/arm-none-eabi/10.3.1/thumb/v7e-m+fp/hard/crti.o
                0x000000000800813c                _init
 .init          0x0000000008008140        0x8 c:/st/stm32cubeide_1.11.0/stm32cubeide/plugins/com.st.stm32cube.ide.mcu.externaltools.gnu-tools-for-stm32.10.3-2021.10.win32_1.0.100.202210260954/tools/bin/../lib/gcc/arm-none-eabi/10.3.1/thumb/v7e-m+fp/hard/crtn.o
 *(.fini)
 .fini          0x0000000008008148        0x4 c:/st/stm32cubeide_1.11.0/stm32cubeide/plugins/com.st.stm32cube.ide.mcu.externaltools.gnu-tools-for-stm32.10.3-2021.10.win32_1.0.100.202210260954/tools/bin/../lib/gcc/arm-none-eabi/10.3.1/thumb/v7e-m+fp/hard/crti.o
                0x0000000008008148                _fini
 .fini          0x000000000800814c        0x8 c:/st/stm32cubeide_1.11.0/stm32cubeide/plugins/com.st.stm32cube.ide.mcu.externaltools.gnu-tools-for-stm32.10.3-2021.10.win32_1.0.100.202210260954/tools/bin/../lib/gcc/arm-none-eabi/10.3.1/thumb/v7e-m+fp/hard/crtn.o
                0x0000000008008154                . = ALIGN (0x4)
                0x0000000008008154                _etext = .

.vfp11_veneer   0x0000000008008154        0x0
 .vfp11_veneer  0x0000000008008154        0x0 linker stubs

.v4_bx          0x0000000008008154        0x0
 .v4_bx         0x0000000008008154        0x0 linker stubs

.iplt           0x0000000008008154        0x0
 .iplt          0x0000000008008154        0x0 c:/st/stm32cubeide_1.11.0/stm32cubeide/plugins/com.st.stm32cube.ide.mcu.externaltools.gnu-tools-for-stm32.10.3-2021.10.win32_1.0.100.202210260954/tools/bin/../lib/gcc/arm-none-eabi/10.3.1/thumb/v7e-m+fp/hard/crtbegin.o

.rodata         0x0000000008008154      0x5d8
                0x0000000008008154                . = ALIGN (0x4)
 *(.rodata)
 .rodata        0x0000000008008154      0x104 ./Core/Src/main.o
 .rodata        0x0000000008008258       0x48 ./Middlewares/Third_Party/FatFs/src/ff.o
 *(.rodata*)
 .rodata.AHBPrescTable
                0x00000000080082a0       0x10 ./Core/Src/system_stm32f4xx.o
                0x00000000080082a0                AHBPrescTable
 .rodata.flagBitshiftOffset.0
                0x00000000080082b0        0x8 ./Drivers/STM32F4xx_HAL_Driver/Src/stm32f4xx_hal_dma.o
 .rodata.ExCvt  0x00000000080082b8       0x80 ./Middlewares/Third_Party/FatFs/src/ff.o
 .rodata.LfnOfs
                0x0000000008008338        0xd ./Middlewares/Third_Party/FatFs/src/ff.o
 *fill*         0x0000000008008345        0x3 
 .rodata.Tbl    0x0000000008008348      0x100 ./Middlewares/Third_Party/FatFs/src/option/ccsbcs.o
 .rodata.cvt1.1
                0x0000000008008448      0x1f2 ./Middlewares/Third_Party/FatFs/src/option/ccsbcs.o
 *fill*         0x000000000800863a        0x2 
 .rodata.cvt2.0
                0x000000000800863c       0xbc ./Middlewares/Third_Party/FatFs/src/option/ccsbcs.o
 .rodata._svfprintf_r.str1.1
                0x00000000080086f8       0x11 c:/st/stm32cubeide_1.11.0/stm32cubeide/plugins/com.st.stm32cube.ide.mcu.externaltools.gnu-tools-for-stm32.10.3-2021.10.win32_1.0.100.202210260954/tools/bin/../lib/gcc/arm-none-eabi/10.3.1/../../../../arm-none-eabi/lib/thumb/v7e-m+fp/hard\libc_nano.a(lib_a-nano-svfprintf.o)
 .rodata._printf_i.str1.1
                0x0000000008008709       0x22 c:/st/stm32cubeide_1.11.0/stm32cubeide/plugins/com.st.stm32cube.ide.mcu.externaltools.gnu-tools-for-stm32.10.3-2021.10.win32_1.0.100.202210260954/tools/bin/../lib/gcc/arm-none-eabi/10.3.1/../../../../arm-none-eabi/lib/thumb/v7e-m+fp/hard\libc_nano.a(lib_a-nano-vfprintf_i.o)
                0x000000000800872c                . = ALIGN (0x4)
 *fill*         0x000000000800872b        0x1 

.ARM.extab      0x000000000800872c        0x0
                0x000000000800872c                . = ALIGN (0x4)
 *(.ARM.extab* .gnu.linkonce.armextab.*)
                0x000000000800872c                . = ALIGN (0x4)

.ARM            0x000000000800872c        0x8
                0x000000000800872c                . = ALIGN (0x4)
                0x000000000800872c                __exidx_start = .
 *(.ARM.exidx*)
 .ARM.exidx     0x000000000800872c        0x8 c:/st/stm32cubeide_1.11.0/stm32cubeide/plugins/com.st.stm32cube.ide.mcu.externaltools.gnu-tools-for-stm32.10.3-2021.10.win32_1.0.100.202210260954/tools/bin/../lib/gcc/arm-none-eabi/10.3.1/thumb/v7e-m+fp/hard\libgcc.a(_udivmoddi4.o)
                0x0000000008008734                __exidx_end = .
                0x0000000008008734                . = ALIGN (0x4)

.rel.dyn        0x0000000008008734        0x0
 .rel.iplt      0x0000000008008734        0x0 c:/st/stm32cubeide_1.11.0/stm32cubeide/plugins/com.st.stm32cube.ide.mcu.externaltools.gnu-tools-for-stm32.10.3-2021.10.win32_1.0.100.202210260954/tools/bin/../lib/gcc/arm-none-eabi/10.3.1/thumb/v7e-m+fp/hard/crtbegin.o

.preinit_array  0x0000000008008734        0x0
                0x0000000008008734                . = ALIGN (0x4)
                0x0000000008008734                PROVIDE (__preinit_array_start = .)
 *(.preinit_array*)
                0x0000000008008734                PROVIDE (__preinit_array_end = .)
                0x0000000008008734                . = ALIGN (0x4)

.init_array     0x0000000008008734        0x4
                0x0000000008008734                . = ALIGN (0x4)
                0x0000000008008734                PROVIDE (__init_array_start = .)
 *(SORT_BY_NAME(.init_array.*))
 *(.init_array*)
 .init_array    0x0000000008008734        0x4 c:/st/stm32cubeide_1.11.0/stm32cubeide/plugins/com.st.stm32cube.ide.mcu.externaltools.gnu-tools-for-stm32.10.3-2021.10.win32_1.0.100.202210260954/tools/bin/../lib/gcc/arm-none-eabi/10.3.1/thumb/v7e-m+fp/hard/crtbegin.o
                0x0000000008008738                PROVIDE (__init_array_end = .)
                0x0000000008008738                . = ALIGN (0x4)

.fini_array     0x0000000008008738        0x4
                0x0000000008008738                . = ALIGN (0x4)
                [!provide]                        PROVIDE (__fini_array_start = .)
 *(SORT_BY_NAME(.fini_array.*))
 *(.fini_array*)
 .fini_array    0x0000000008008738        0x4 c:/st/stm32cubeide_1.11.0/stm32cubeide/plugins/com.st.stm32cube.ide.mcu.externaltools.gnu-tools-for-stm32.10.3-2021.10.win32_1.0.100.202210260954/tools/bin/../lib/gcc/arm-none-eabi/10.3.1/thumb/v7e-m+fp/hard/crtbegin.o
                [!provide]                        PROVIDE (__fini_array_end = .)
                0x000000000800873c                . = ALIGN (0x4)
                0x000000000800873c                _sidata = LOADADDR (.data)

.data           0x0000000020000000       0x88 load address 0x000000000800873c
                0x0000000020000000                . = ALIGN (0x4)
                0x0000000020000000                _sdata = .
 *(.data)
 *(.data*)
 .data.Stat     0x0000000020000000        0x1 ./Core/Src/fatfs_sd.o
 *fill*         0x0000000020000001        0x3 
 .data.SystemCoreClock
                0x0000000020000004        0x4 ./Core/Src/system_stm32f4xx.o
                0x0000000020000004                SystemCoreClock
 .data.uwTickPrio
                0x0000000020000008        0x4 ./Drivers/STM32F4xx_HAL_Driver/Src/stm32f4xx_hal.o
                0x0000000020000008                uwTickPrio
 .data.uwTickFreq
                0x000000002000000c        0x1 ./Drivers/STM32F4xx_HAL_Driver/Src/stm32f4xx_hal.o
                0x000000002000000c                uwTickFreq
 .data.Stat     0x000000002000000d        0x1 ./FATFS/Target/user_diskio.o
 *fill*         0x000000002000000e        0x2 
 .data.USER_Driver
                0x0000000020000010       0x14 ./FATFS/Target/user_diskio.o
                0x0000000020000010                USER_Driver
 .data._impure_ptr
                0x0000000020000024        0x4 c:/st/stm32cubeide_1.11.0/stm32cubeide/plugins/com.st.stm32cube.ide.mcu.externaltools.gnu-tools-for-stm32.10.3-2021.10.win32_1.0.100.202210260954/tools/bin/../lib/gcc/arm-none-eabi/10.3.1/../../../../arm-none-eabi/lib/thumb/v7e-m+fp/hard\libc_nano.a(lib_a-impure.o)
                0x0000000020000024                _impure_ptr
 .data.impure_data
                0x0000000020000028       0x60 c:/st/stm32cubeide_1.11.0/stm32cubeide/plugins/com.st.stm32cube.ide.mcu.externaltools.gnu-tools-for-stm32.10.3-2021.10.win32_1.0.100.202210260954/tools/bin/../lib/gcc/arm-none-eabi/10.3.1/../../../../arm-none-eabi/lib/thumb/v7e-m+fp/hard\libc_nano.a(lib_a-impure.o)
 *(.RamFunc)
 *(.RamFunc*)
                0x0000000020000088                . = ALIGN (0x4)
                0x0000000020000088                _edata = .
                0x00000000080087c4                _siccmram = LOADADDR (.ccmram)

.igot.plt       0x0000000020000088        0x0 load address 0x00000000080087c4
 .igot.plt      0x0000000020000088        0x0 c:/st/stm32cubeide_1.11.0/stm32cubeide/plugins/com.st.stm32cube.ide.mcu.externaltools.gnu-tools-for-stm32.10.3-2021.10.win32_1.0.100.202210260954/tools/bin/../lib/gcc/arm-none-eabi/10.3.1/thumb/v7e-m+fp/hard/crtbegin.o

.ccmram         0x0000000010000000        0x0 load address 0x00000000080087c4
                0x0000000010000000                . = ALIGN (0x4)
                0x0000000010000000                _sccmram = .
 *(.ccmram)
 *(.ccmram*)
                0x0000000010000000                . = ALIGN (0x4)
                0x0000000010000000                _eccmram = .
                0x0000000010000000                . = ALIGN (0x4)

.bss            0x0000000020000088     0x13e8
                0x0000000020000088                _sbss = .
                0x0000000020000088                __bss_start__ = _sbss
 *(.bss)
 .bss           0x0000000020000088       0x1c c:/st/stm32cubeide_1.11.0/stm32cubeide/plugins/com.st.stm32cube.ide.mcu.externaltools.gnu-tools-for-stm32.10.3-2021.10.win32_1.0.100.202210260954/tools/bin/../lib/gcc/arm-none-eabi/10.3.1/thumb/v7e-m+fp/hard/crtbegin.o
 *(.bss*)
 .bss.CardType  0x00000000200000a4        0x1 ./Core/Src/fatfs_sd.o
 .bss.PowerFlag
                0x00000000200000a5        0x1 ./Core/Src/fatfs_sd.o
 .bss.txComplete
                0x00000000200000a6        0x1 ./Core/Src/ili9341.o
 *fill*         0x00000000200000a7        0x1 
 .bss.buff      0x00000000200000a8       0x28 ./Core/Src/main.o
                0x00000000200000a8                buff
 .bss.hspi1     0x00000000200000d0       0x58 ./Core/Src/main.o
                0x00000000200000d0                hspi1
 .bss.hspi2     0x0000000020000128       0x58 ./Core/Src/main.o
                0x0000000020000128                hspi2
 .bss.hdma_spi1_tx
                0x0000000020000180       0x60 ./Core/Src/main.o
                0x0000000020000180                hdma_spi1_tx
 .bss.fs        0x00000000200001e0     0x1038 ./Core/Src/main.o
                0x00000000200001e0                fs
 .bss.FatFsCnt  0x0000000020001218        0x1 ./Core/Src/stm32f4xx_it.o
                0x0000000020001218                FatFsCnt
 .bss.Timer1    0x0000000020001219        0x1 ./Core/Src/stm32f4xx_it.o
                0x0000000020001219                Timer1
 .bss.Timer2    0x000000002000121a        0x1 ./Core/Src/stm32f4xx_it.o
                0x000000002000121a                Timer2
 *fill*         0x000000002000121b        0x1 
 .bss.__sbrk_heap_end
                0x000000002000121c        0x4 ./Core/Src/sysmem.o
 .bss.uwTick    0x0000000020001220        0x4 ./Drivers/STM32F4xx_HAL_Driver/Src/stm32f4xx_hal.o
                0x0000000020001220                uwTick
 .bss.retUSER   0x0000000020001224        0x1 ./FATFS/App/fatfs.o
                0x0000000020001224                retUSER
 *fill*         0x0000000020001225        0x3 
 .bss.USERPath  0x0000000020001228        0x4 ./FATFS/App/fatfs.o
                0x0000000020001228                USERPath
 .bss.FatFs     0x000000002000122c        0x4 ./Middlewares/Third_Party/FatFs/src/ff.o
 .bss.Fsid      0x0000000020001230        0x2 ./Middlewares/Third_Party/FatFs/src/ff.o
 *fill*         0x0000000020001232        0x2 
 .bss.Files     0x0000000020001234       0x20 ./Middlewares/Third_Party/FatFs/src/ff.o
 .bss.LfnBuf    0x0000000020001254      0x200 ./Middlewares/Third_Party/FatFs/src/ff.o
 .bss.disk      0x0000000020001454        0xc ./Middlewares/Third_Party/FatFs/src/ff_gen_drv.o
                0x0000000020001454                disk
 .bss.__malloc_free_list
                0x0000000020001460        0x4 c:/st/stm32cubeide_1.11.0/stm32cubeide/plugins/com.st.stm32cube.ide.mcu.externaltools.gnu-tools-for-stm32.10.3-2021.10.win32_1.0.100.202210260954/tools/bin/../lib/gcc/arm-none-eabi/10.3.1/../../../../arm-none-eabi/lib/thumb/v7e-m+fp/hard\libc_nano.a(lib_a-nano-mallocr.o)
                0x0000000020001460                __malloc_free_list
 .bss.__malloc_sbrk_start
                0x0000000020001464        0x4 c:/st/stm32cubeide_1.11.0/stm32cubeide/plugins/com.st.stm32cube.ide.mcu.externaltools.gnu-tools-for-stm32.10.3-2021.10.win32_1.0.100.202210260954/tools/bin/../lib/gcc/arm-none-eabi/10.3.1/../../../../arm-none-eabi/lib/thumb/v7e-m+fp/hard\libc_nano.a(lib_a-nano-mallocr.o)
                0x0000000020001464                __malloc_sbrk_start
 .bss.errno     0x0000000020001468        0x4 c:/st/stm32cubeide_1.11.0/stm32cubeide/plugins/com.st.stm32cube.ide.mcu.externaltools.gnu-tools-for-stm32.10.3-2021.10.win32_1.0.100.202210260954/tools/bin/../lib/gcc/arm-none-eabi/10.3.1/../../../../arm-none-eabi/lib/thumb/v7e-m+fp/hard\libc_nano.a(lib_a-reent.o)
                0x0000000020001468                errno
 .bss.__lock___malloc_recursive_mutex
                0x000000002000146c        0x1 c:/st/stm32cubeide_1.11.0/stm32cubeide/plugins/com.st.stm32cube.ide.mcu.externaltools.gnu-tools-for-stm32.10.3-2021.10.win32_1.0.100.202210260954/tools/bin/../lib/gcc/arm-none-eabi/10.3.1/../../../../arm-none-eabi/lib/thumb/v7e-m+fp/hard\libc_nano.a(lib_a-lock.o)
                0x000000002000146c                __lock___malloc_recursive_mutex
 *(COMMON)
                0x0000000020001470                . = ALIGN (0x4)
 *fill*         0x000000002000146d        0x3 
                0x0000000020001470                _ebss = .
                0x0000000020001470                __bss_end__ = _ebss

._user_heap_stack
                0x0000000020001470      0x600
                0x0000000020001470                . = ALIGN (0x8)
                [!provide]                        PROVIDE (end = .)
                0x0000000020001470                PROVIDE (_end = .)
                0x0000000020001670                . = (. + _Min_Heap_Size)
 *fill*         0x0000000020001470      0x200 
                0x0000000020001a70                . = (. + _Min_Stack_Size)
 *fill*         0x0000000020001670      0x400 
                0x0000000020001a70                . = ALIGN (0x8)

/DISCARD/
 libc.a(*)
 libm.a(*)
 libgcc.a(*)

.ARM.attributes
                0x0000000000000000       0x30
 *(.ARM.attributes)
 .ARM.attributes
                0x0000000000000000       0x1e c:/st/stm32cubeide_1.11.0/stm32cubeide/plugins/com.st.stm32cube.ide.mcu.externaltools.gnu-tools-for-stm32.10.3-2021.10.win32_1.0.100.202210260954/tools/bin/../lib/gcc/arm-none-eabi/10.3.1/thumb/v7e-m+fp/hard/crti.o
 .ARM.attributes
                0x000000000000001e       0x34 c:/st/stm32cubeide_1.11.0/stm32cubeide/plugins/com.st.stm32cube.ide.mcu.externaltools.gnu-tools-for-stm32.10.3-2021.10.win32_1.0.100.202210260954/tools/bin/../lib/gcc/arm-none-eabi/10.3.1/thumb/v7e-m+fp/hard/crtbegin.o
 .ARM.attributes
                0x0000000000000052       0x34 ./Core/Src/fatfs_sd.o
 .ARM.attributes
                0x0000000000000086       0x34 ./Core/Src/graphics.o
 .ARM.attributes
                0x00000000000000ba       0x34 ./Core/Src/ili9341.o
 .ARM.attributes
                0x00000000000000ee       0x34 ./Core/Src/main.o
 .ARM.attributes
                0x0000000000000122       0x34 ./Core/Src/stm32f4xx_hal_msp.o
 .ARM.attributes
                0x0000000000000156       0x34 ./Core/Src/stm32f4xx_it.o
 .ARM.attributes
                0x000000000000018a       0x34 ./Core/Src/sysmem.o
 .ARM.attributes
                0x00000000000001be       0x34 ./Core/Src/system_stm32f4xx.o
 .ARM.attributes
                0x00000000000001f2       0x21 ./Core/Startup/startup_stm32f407vgtx.o
 .ARM.attributes
                0x0000000000000213       0x34 ./Drivers/STM32F4xx_HAL_Driver/Src/stm32f4xx_hal.o
 .ARM.attributes
                0x0000000000000247       0x34 ./Drivers/STM32F4xx_HAL_Driver/Src/stm32f4xx_hal_cortex.o
 .ARM.attributes
                0x000000000000027b       0x34 ./Drivers/STM32F4xx_HAL_Driver/Src/stm32f4xx_hal_dma.o
 .ARM.attributes
                0x00000000000002af       0x34 ./Drivers/STM32F4xx_HAL_Driver/Src/stm32f4xx_hal_gpio.o
 .ARM.attributes
                0x00000000000002e3       0x34 ./Drivers/STM32F4xx_HAL_Driver/Src/stm32f4xx_hal_rcc.o
 .ARM.attributes
                0x0000000000000317       0x34 ./Drivers/STM32F4xx_HAL_Driver/Src/stm32f4xx_hal_spi.o
 .ARM.attributes
                0x000000000000034b       0x34 ./FATFS/App/fatfs.o
 .ARM.attributes
                0x000000000000037f       0x34 ./FATFS/Target/user_diskio.o
 .ARM.attributes
                0x00000000000003b3       0x34 ./Middlewares/Third_Party/FatFs/src/diskio.o
 .ARM.attributes
                0x00000000000003e7       0x34 ./Middlewares/Third_Party/FatFs/src/ff.o
 .ARM.attributes
                0x000000000000041b       0x34 ./Middlewares/Third_Party/FatFs/src/ff_gen_drv.o
 .ARM.attributes
                0x000000000000044f       0x34 ./Middlewares/Third_Party/FatFs/src/option/ccsbcs.o
 .ARM.attributes
                0x0000000000000483       0x34 c:/st/stm32cubeide_1.11.0/stm32cubeide/plugins/com.st.stm32cube.ide.mcu.externaltools.gnu-tools-for-stm32.10.3-2021.10.win32_1.0.100.202210260954/tools/bin/../lib/gcc/arm-none-eabi/10.3.1/../../../../arm-none-eabi/lib/thumb/v7e-m+fp/hard\libc_nano.a(lib_a-errno.o)
 .ARM.attributes
                0x00000000000004b7       0x34 c:/st/stm32cubeide_1.11.0/stm32cubeide/plugins/com.st.stm32cube.ide.mcu.externaltools.gnu-tools-for-stm32.10.3-2021.10.win32_1.0.100.202210260954/tools/bin/../lib/gcc/arm-none-eabi/10.3.1/../../../../arm-none-eabi/lib/thumb/v7e-m+fp/hard\libc_nano.a(lib_a-impure.o)
 .ARM.attributes
                0x00000000000004eb       0x34 c:/st/stm32cubeide_1.11.0/stm32cubeide/plugins/com.st.stm32cube.ide.mcu.externaltools.gnu-tools-for-stm32.10.3-2021.10.win32_1.0.100.202210260954/tools/bin/../lib/gcc/arm-none-eabi/10.3.1/../../../../arm-none-eabi/lib/thumb/v7e-m+fp/hard\libc_nano.a(lib_a-init.o)
 .ARM.attributes
                0x000000000000051f       0x34 c:/st/stm32cubeide_1.11.0/stm32cubeide/plugins/com.st.stm32cube.ide.mcu.externaltools.gnu-tools-for-stm32.10.3-2021.10.win32_1.0.100.202210260954/tools/bin/../lib/gcc/arm-none-eabi/10.3.1/../../../../arm-none-eabi/lib/thumb/v7e-m+fp/hard\libc_nano.a(lib_a-memset.o)
 .ARM.attributes
                0x0000000000000553       0x34 c:/st/stm32cubeide_1.11.0/stm32cubeide/plugins/com.st.stm32cube.ide.mcu.externaltools.gnu-tools-for-stm32.10.3-2021.10.win32_1.0.100.202210260954/tools/bin/../lib/gcc/arm-none-eabi/10.3.1/../../../../arm-none-eabi/lib/thumb/v7e-m+fp/hard\libc_nano.a(lib_a-snprintf.o)
 .ARM.attributes
                0x0000000000000587       0x34 c:/st/stm32cubeide_1.11.0/stm32cubeide/plugins/com.st.stm32cube.ide.mcu.externaltools.gnu-tools-for-stm32.10.3-2021.10.win32_1.0.100.202210260954/tools/bin/../lib/gcc/arm-none-eabi/10.3.1/../../../../arm-none-eabi/lib/thumb/v7e-m+fp/hard\libc_nano.a(lib_a-nano-svfprintf.o)
 .ARM.attributes
                0x00000000000005bb       0x34 c:/st/stm32cubeide_1.11.0/stm32cubeide/plugins/com.st.stm32cube.ide.mcu.externaltools.gnu-tools-for-stm32.10.3-2021.10.win32_1.0.100.202210260954/tools/bin/../lib/gcc/arm-none-eabi/10.3.1/../../../../arm-none-eabi/lib/thumb/v7e-m+fp/hard\libc_nano.a(lib_a-nano-vfprintf_i.o)
 .ARM.attributes
                0x00000000000005ef       0x1c c:/st/stm32cubeide_1.11.0/stm32cubeide/plugins/com.st.stm32cube.ide.mcu.externaltools.gnu-tools-for-stm32.10.3-2021.10.win32_1.0.100.202210260954/tools/bin/../lib/gcc/arm-none-eabi/10.3.1/../../../../arm-none-eabi/lib/thumb/v7e-m+fp/hard\libc_nano.a(lib_a-memchr.o)
 .ARM.attributes
                0x000000000000060b       0x34 c:/st/stm32cubeide_1.11.0/stm32cubeide/plugins/com.st.stm32cube.ide.mcu.externaltools.gnu-tools-for-stm32.10.3-2021.10.win32_1.0.100.202210260954/tools/bin/../lib/gcc/arm-none-eabi/10.3.1/../../../../arm-none-eabi/lib/thumb/v7e-m+fp/hard\libc_nano.a(lib_a-memcpy-stub.o)
 .ARM.attributes
                0x000000000000063f       0x34 c:/st/stm32cubeide_1.11.0/stm32cubeide/plugins/com.st.stm32cube.ide.mcu.externaltools.gnu-tools-for-stm32.10.3-2021.10.win32_1.0.100.202210260954/tools/bin/../lib/gcc/arm-none-eabi/10.3.1/../../../../arm-none-eabi/lib/thumb/v7e-m+fp/hard\libc_nano.a(lib_a-memmove.o)
 .ARM.attributes
                0x0000000000000673       0x34 c:/st/stm32cubeide_1.11.0/stm32cubeide/plugins/com.st.stm32cube.ide.mcu.externaltools.gnu-tools-for-stm32.10.3-2021.10.win32_1.0.100.202210260954/tools/bin/../lib/gcc/arm-none-eabi/10.3.1/../../../../arm-none-eabi/lib/thumb/v7e-m+fp/hard\libc_nano.a(lib_a-nano-freer.o)
 .ARM.attributes
                0x00000000000006a7       0x34 c:/st/stm32cubeide_1.11.0/stm32cubeide/plugins/com.st.stm32cube.ide.mcu.externaltools.gnu-tools-for-stm32.10.3-2021.10.win32_1.0.100.202210260954/tools/bin/../lib/gcc/arm-none-eabi/10.3.1/../../../../arm-none-eabi/lib/thumb/v7e-m+fp/hard\libc_nano.a(lib_a-nano-mallocr.o)
 .ARM.attributes
                0x00000000000006db       0x34 c:/st/stm32cubeide_1.11.0/stm32cubeide/plugins/com.st.stm32cube.ide.mcu.externaltools.gnu-tools-for-stm32.10.3-2021.10.win32_1.0.100.202210260954/tools/bin/../lib/gcc/arm-none-eabi/10.3.1/../../../../arm-none-eabi/lib/thumb/v7e-m+fp/hard\libc_nano.a(lib_a-nano-reallocr.o)
 .ARM.attributes
                0x000000000000070f       0x34 c:/st/stm32cubeide_1.11.0/stm32cubeide/plugins/com.st.stm32cube.ide.mcu.externaltools.gnu-tools-for-stm32.10.3-2021.10.win32_1.0.100.202210260954/tools/bin/../lib/gcc/arm-none-eabi/10.3.1/../../../../arm-none-eabi/lib/thumb/v7e-m+fp/hard\libc_nano.a(lib_a-sbrkr.o)
 .ARM.attributes
                0x0000000000000743       0x34 c:/st/stm32cubeide_1.11.0/stm32cubeide/plugins/com.st.stm32cube.ide.mcu.externaltools.gnu-tools-for-stm32.10.3-2021.10.win32_1.0.100.202210260954/tools/bin/../lib/gcc/arm-none-eabi/10.3.1/../../../../arm-none-eabi/lib/thumb/v7e-m+fp/hard\libc_nano.a(lib_a-mlock.o)
 .ARM.attributes
                0x0000000000000777       0x34 c:/st/stm32cubeide_1.11.0/stm32cubeide/plugins/com.st.stm32cube.ide.mcu.externaltools.gnu-tools-for-stm32.10.3-2021.10.win32_1.0.100.202210260954/tools/bin/../lib/gcc/arm-none-eabi/10.3.1/../../../../arm-none-eabi/lib/thumb/v7e-m+fp/hard\libc_nano.a(lib_a-nano-msizer.o)
 .ARM.attributes
                0x00000000000007ab       0x34 c:/st/stm32cubeide_1.11.0/stm32cubeide/plugins/com.st.stm32cube.ide.mcu.externaltools.gnu-tools-for-stm32.10.3-2021.10.win32_1.0.100.202210260954/tools/bin/../lib/gcc/arm-none-eabi/10.3.1/../../../../arm-none-eabi/lib/thumb/v7e-m+fp/hard\libc_nano.a(lib_a-reent.o)
 .ARM.attributes
                0x00000000000007df       0x34 c:/st/stm32cubeide_1.11.0/stm32cubeide/plugins/com.st.stm32cube.ide.mcu.externaltools.gnu-tools-for-stm32.10.3-2021.10.win32_1.0.100.202210260954/tools/bin/../lib/gcc/arm-none-eabi/10.3.1/../../../../arm-none-eabi/lib/thumb/v7e-m+fp/hard\libc_nano.a(lib_a-lock.o)
 .ARM.attributes
                0x0000000000000813       0x1e c:/st/stm32cubeide_1.11.0/stm32cubeide/plugins/com.st.stm32cube.ide.mcu.externaltools.gnu-tools-for-stm32.10.3-2021.10.win32_1.0.100.202210260954/tools/bin/../lib/gcc/arm-none-eabi/10.3.1/thumb/v7e-m+fp/hard\libgcc.a(_aeabi_uldivmod.o)
 .ARM.attributes
                0x0000000000000831       0x34 c:/st/stm32cubeide_1.11.0/stm32cubeide/plugins/com.st.stm32cube.ide.mcu.externaltools.gnu-tools-for-stm32.10.3-2021.10.win32_1.0.100.202210260954/tools/bin/../lib/gcc/arm-none-eabi/10.3.1/thumb/v7e-m+fp/hard\libgcc.a(_udivmoddi4.o)
 .ARM.attributes
                0x0000000000000865       0x1e c:/st/stm32cubeide_1.11.0/stm32cubeide/plugins/com.st.stm32cube.ide.mcu.externaltools.gnu-tools-for-stm32.10.3-2021.10.win32_1.0.100.202210260954/tools/bin/../lib/gcc/arm-none-eabi/10.3.1/thumb/v7e-m+fp/hard\libgcc.a(_dvmd_tls.o)
 .ARM.attributes
                0x0000000000000883       0x1e c:/st/stm32cubeide_1.11.0/stm32cubeide/plugins/com.st.stm32cube.ide.mcu.externaltools.gnu-tools-for-stm32.10.3-2021.10.win32_1.0.100.202210260954/tools/bin/../lib/gcc/arm-none-eabi/10.3.1/thumb/v7e-m+fp/hard/crtn.o
OUTPUT(LCDSD.elf elf32-littlearm)
LOAD linker stubs
LOAD c:/st/stm32cubeide_1.11.0/stm32cubeide/plugins/com.st.stm32cube.ide.mcu.externaltools.gnu-tools-for-stm32.10.3-2021.10.win32_1.0.100.202210260954/tools/bin/../lib/gcc/arm-none-eabi/10.3.1/../../../../arm-none-eabi/lib/thumb/v7e-m+fp/hard\libc.a
LOAD c:/st/stm32cubeide_1.11.0/stm32cubeide/plugins/com.st.stm32cube.ide.mcu.externaltools.gnu-tools-for-stm32.10.3-2021.10.win32_1.0.100.202210260954/tools/bin/../lib/gcc/arm-none-eabi/10.3.1/../../../../arm-none-eabi/lib/thumb/v7e-m+fp/hard\libm.a
LOAD c:/st/stm32cubeide_1.11.0/stm32cubeide/plugins/com.st.stm32cube.ide.mcu.externaltools.gnu-tools-for-stm32.10.3-2021.10.win32_1.0.100.202210260954/tools/bin/../lib/gcc/arm-none-eabi/10.3.1/thumb/v7e-m+fp/hard\libgcc.a

.debug_info     0x0000000000000000     0xd9eb
 .debug_info    0x0000000000000000      0xcc7 ./Core/Src/fatfs_sd.o
 .debug_info    0x0000000000000cc7     0x1172 ./Core/Src/graphics.o
 .debug_info    0x0000000000001e39      0xb2a ./Core/Src/ili9341.o
 .debug_info    0x0000000000002963     0x1710 ./Core/Src/main.o
 .debug_info    0x0000000000004073      0xa82 ./Core/Src/stm32f4xx_hal_msp.o
 .debug_info    0x0000000000004af5      0x451 ./Core/Src/stm32f4xx_it.o
 .debug_info    0x0000000000004f46      0x171 ./Core/Src/sysmem.o
 .debug_info    0x00000000000050b7      0x523 ./Core/Src/system_stm32f4xx.o
 .debug_info    0x00000000000055da       0x22 ./Core/Startup/startup_stm32f407vgtx.o
 .debug_info    0x00000000000055fc      0x97c ./Drivers/STM32F4xx_HAL_Driver/Src/stm32f4xx_hal.o
 .debug_info    0x0000000000005f78      0xe1b ./Drivers/STM32F4xx_HAL_Driver/Src/stm32f4xx_hal_cortex.o
 .debug_info    0x0000000000006d93      0x94f ./Drivers/STM32F4xx_HAL_Driver/Src/stm32f4xx_hal_dma.o
 .debug_info    0x00000000000076e2      0x76a ./Drivers/STM32F4xx_HAL_Driver/Src/stm32f4xx_hal_gpio.o
 .debug_info    0x0000000000007e4c      0x966 ./Drivers/STM32F4xx_HAL_Driver/Src/stm32f4xx_hal_rcc.o
 .debug_info    0x00000000000087b2     0x1758 ./Drivers/STM32F4xx_HAL_Driver/Src/stm32f4xx_hal_spi.o
 .debug_info    0x0000000000009f0a      0x526 ./FATFS/App/fatfs.o
 .debug_info    0x000000000000a430      0x3eb ./FATFS/Target/user_diskio.o
 .debug_info    0x000000000000a81b      0x412 ./Middlewares/Third_Party/FatFs/src/diskio.o
 .debug_info    0x000000000000ac2d     0x284f ./Middlewares/Third_Party/FatFs/src/ff.o
 .debug_info    0x000000000000d47c      0x3a9 ./Middlewares/Third_Party/FatFs/src/ff_gen_drv.o
 .debug_info    0x000000000000d825      0x1c6 ./Middlewares/Third_Party/FatFs/src/option/ccsbcs.o

.debug_abbrev   0x0000000000000000     0x2651
 .debug_abbrev  0x0000000000000000      0x2b1 ./Core/Src/fatfs_sd.o
 .debug_abbrev  0x00000000000002b1      0x1d0 ./Core/Src/graphics.o
 .debug_abbrev  0x0000000000000481      0x23e ./Core/Src/ili9341.o
 .debug_abbrev  0x00000000000006bf      0x2f7 ./Core/Src/main.o
 .debug_abbrev  0x00000000000009b6      0x1d1 ./Core/Src/stm32f4xx_hal_msp.o
 .debug_abbrev  0x0000000000000b87      0x172 ./Core/Src/stm32f4xx_it.o
 .debug_abbrev  0x0000000000000cf9       0xbb ./Core/Src/sysmem.o
 .debug_abbrev  0x0000000000000db4      0x116 ./Core/Src/system_stm32f4xx.o
 .debug_abbrev  0x0000000000000eca       0x12 ./Core/Startup/startup_stm32f407vgtx.o
 .debug_abbrev  0x0000000000000edc      0x20d ./Drivers/STM32F4xx_HAL_Driver/Src/stm32f4xx_hal.o
 .debug_abbrev  0x00000000000010e9      0x316 ./Drivers/STM32F4xx_HAL_Driver/Src/stm32f4xx_hal_cortex.o
 .debug_abbrev  0x00000000000013ff      0x25b ./Drivers/STM32F4xx_HAL_Driver/Src/stm32f4xx_hal_dma.o
 .debug_abbrev  0x000000000000165a      0x1c4 ./Drivers/STM32F4xx_HAL_Driver/Src/stm32f4xx_hal_gpio.o
 .debug_abbrev  0x000000000000181e      0x2aa ./Drivers/STM32F4xx_HAL_Driver/Src/stm32f4xx_hal_rcc.o
 .debug_abbrev  0x0000000000001ac8      0x26e ./Drivers/STM32F4xx_HAL_Driver/Src/stm32f4xx_hal_spi.o
 .debug_abbrev  0x0000000000001d36      0x15a ./FATFS/App/fatfs.o
 .debug_abbrev  0x0000000000001e90      0x166 ./FATFS/Target/user_diskio.o
 .debug_abbrev  0x0000000000001ff6      0x178 ./Middlewares/Third_Party/FatFs/src/diskio.o
 .debug_abbrev  0x000000000000216e      0x271 ./Middlewares/Third_Party/FatFs/src/ff.o
 .debug_abbrev  0x00000000000023df      0x196 ./Middlewares/Third_Party/FatFs/src/ff_gen_drv.o
 .debug_abbrev  0x0000000000002575       0xdc ./Middlewares/Third_Party/FatFs/src/option/ccsbcs.o

.debug_aranges  0x0000000000000000      0xc18
 .debug_aranges
                0x0000000000000000       0xa0 ./Core/Src/fatfs_sd.o
 .debug_aranges
                0x00000000000000a0      0x108 ./Core/Src/graphics.o
 .debug_aranges
                0x00000000000001a8       0x78 ./Core/Src/ili9341.o
 .debug_aranges
                0x0000000000000220       0x58 ./Core/Src/main.o
 .debug_aranges
                0x0000000000000278       0x30 ./Core/Src/stm32f4xx_hal_msp.o
 .debug_aranges
                0x00000000000002a8       0x70 ./Core/Src/stm32f4xx_it.o
 .debug_aranges
                0x0000000000000318       0x20 ./Core/Src/sysmem.o
 .debug_aranges
                0x0000000000000338       0x28 ./Core/Src/system_stm32f4xx.o
 .debug_aranges
                0x0000000000000360       0x28 ./Core/Startup/startup_stm32f407vgtx.o
 .debug_aranges
                0x0000000000000388       0xf0 ./Drivers/STM32F4xx_HAL_Driver/Src/stm32f4xx_hal.o
 .debug_aranges
                0x0000000000000478      0x118 ./Drivers/STM32F4xx_HAL_Driver/Src/stm32f4xx_hal_cortex.o
 .debug_aranges
                0x0000000000000590       0x90 ./Drivers/STM32F4xx_HAL_Driver/Src/stm32f4xx_hal_dma.o
 .debug_aranges
                0x0000000000000620       0x58 ./Drivers/STM32F4xx_HAL_Driver/Src/stm32f4xx_hal_gpio.o
 .debug_aranges
                0x0000000000000678       0x88 ./Drivers/STM32F4xx_HAL_Driver/Src/stm32f4xx_hal_rcc.o
 .debug_aranges
                0x0000000000000700      0x1d0 ./Drivers/STM32F4xx_HAL_Driver/Src/stm32f4xx_hal_spi.o
 .debug_aranges
                0x00000000000008d0       0x28 ./FATFS/App/fatfs.o
 .debug_aranges
                0x00000000000008f8       0x40 ./FATFS/Target/user_diskio.o
 .debug_aranges
                0x0000000000000938       0x48 ./Middlewares/Third_Party/FatFs/src/diskio.o
 .debug_aranges
                0x0000000000000980      0x230 ./Middlewares/Third_Party/FatFs/src/ff.o
 .debug_aranges
                0x0000000000000bb0       0x40 ./Middlewares/Third_Party/FatFs/src/ff_gen_drv.o
 .debug_aranges
                0x0000000000000bf0       0x28 ./Middlewares/Third_Party/FatFs/src/option/ccsbcs.o

.debug_ranges   0x0000000000000000      0xad0
 .debug_ranges  0x0000000000000000       0x90 ./Core/Src/fatfs_sd.o
 .debug_ranges  0x0000000000000090       0xf8 ./Core/Src/graphics.o
 .debug_ranges  0x0000000000000188       0x68 ./Core/Src/ili9341.o
 .debug_ranges  0x00000000000001f0       0x48 ./Core/Src/main.o
 .debug_ranges  0x0000000000000238       0x20 ./Core/Src/stm32f4xx_hal_msp.o
 .debug_ranges  0x0000000000000258       0x60 ./Core/Src/stm32f4xx_it.o
 .debug_ranges  0x00000000000002b8       0x10 ./Core/Src/sysmem.o
 .debug_ranges  0x00000000000002c8       0x18 ./Core/Src/system_stm32f4xx.o
 .debug_ranges  0x00000000000002e0       0x20 ./Core/Startup/startup_stm32f407vgtx.o
 .debug_ranges  0x0000000000000300       0xe0 ./Drivers/STM32F4xx_HAL_Driver/Src/stm32f4xx_hal.o
 .debug_ranges  0x00000000000003e0      0x108 ./Drivers/STM32F4xx_HAL_Driver/Src/stm32f4xx_hal_cortex.o
 .debug_ranges  0x00000000000004e8       0x80 ./Drivers/STM32F4xx_HAL_Driver/Src/stm32f4xx_hal_dma.o
 .debug_ranges  0x0000000000000568       0x48 ./Drivers/STM32F4xx_HAL_Driver/Src/stm32f4xx_hal_gpio.o
 .debug_ranges  0x00000000000005b0       0x78 ./Drivers/STM32F4xx_HAL_Driver/Src/stm32f4xx_hal_rcc.o
 .debug_ranges  0x0000000000000628      0x1c0 ./Drivers/STM32F4xx_HAL_Driver/Src/stm32f4xx_hal_spi.o
 .debug_ranges  0x00000000000007e8       0x18 ./FATFS/App/fatfs.o
 .debug_ranges  0x0000000000000800       0x30 ./FATFS/Target/user_diskio.o
 .debug_ranges  0x0000000000000830       0x38 ./Middlewares/Third_Party/FatFs/src/diskio.o
 .debug_ranges  0x0000000000000868      0x220 ./Middlewares/Third_Party/FatFs/src/ff.o
 .debug_ranges  0x0000000000000a88       0x30 ./Middlewares/Third_Party/FatFs/src/ff_gen_drv.o
 .debug_ranges  0x0000000000000ab8       0x18 ./Middlewares/Third_Party/FatFs/src/option/ccsbcs.o

.debug_macro    0x0000000000000000    0x228a3
 .debug_macro   0x0000000000000000      0x1f9 ./Core/Src/fatfs_sd.o
 .debug_macro   0x00000000000001f9      0xa78 ./Core/Src/fatfs_sd.o
 .debug_macro   0x0000000000000c71      0x295 ./Core/Src/fatfs_sd.o
 .debug_macro   0x0000000000000f06       0x2e ./Core/Src/fatfs_sd.o
 .debug_macro   0x0000000000000f34       0x2f ./Core/Src/fatfs_sd.o
 .debug_macro   0x0000000000000f63       0x22 ./Core/Src/fatfs_sd.o
 .debug_macro   0x0000000000000f85       0x8e ./Core/Src/fatfs_sd.o
 .debug_macro   0x0000000000001013       0x51 ./Core/Src/fatfs_sd.o
 .debug_macro   0x0000000000001064      0x103 ./Core/Src/fatfs_sd.o
 .debug_macro   0x0000000000001167       0x6a ./Core/Src/fatfs_sd.o
 .debug_macro   0x00000000000011d1      0x1df ./Core/Src/fatfs_sd.o
 .debug_macro   0x00000000000013b0       0x1c ./Core/Src/fatfs_sd.o
 .debug_macro   0x00000000000013cc       0x22 ./Core/Src/fatfs_sd.o
 .debug_macro   0x00000000000013ee       0xd9 ./Core/Src/fatfs_sd.o
 .debug_macro   0x00000000000014c7     0x102d ./Core/Src/fatfs_sd.o
 .debug_macro   0x00000000000024f4      0x11f ./Core/Src/fatfs_sd.o
 .debug_macro   0x0000000000002613    0x15e82 ./Core/Src/fatfs_sd.o
 .debug_macro   0x0000000000018495       0x6d ./Core/Src/fatfs_sd.o
 .debug_macro   0x0000000000018502     0x367e ./Core/Src/fatfs_sd.o
 .debug_macro   0x000000000001bb80      0x174 ./Core/Src/fatfs_sd.o
 .debug_macro   0x000000000001bcf4       0x5c ./Core/Src/fatfs_sd.o
 .debug_macro   0x000000000001bd50      0x96b ./Core/Src/fatfs_sd.o
 .debug_macro   0x000000000001c6bb      0x9fe ./Core/Src/fatfs_sd.o
 .debug_macro   0x000000000001d0b9      0x115 ./Core/Src/fatfs_sd.o
 .debug_macro   0x000000000001d1ce      0x13e ./Core/Src/fatfs_sd.o
 .debug_macro   0x000000000001d30c       0xa5 ./Core/Src/fatfs_sd.o
 .debug_macro   0x000000000001d3b1      0x174 ./Core/Src/fatfs_sd.o
 .debug_macro   0x000000000001d525      0x287 ./Core/Src/fatfs_sd.o
 .debug_macro   0x000000000001d7ac       0x5f ./Core/Src/fatfs_sd.o
 .debug_macro   0x000000000001d80b      0x236 ./Core/Src/fatfs_sd.o
 .debug_macro   0x000000000001da41      0x12c ./Core/Src/fatfs_sd.o
 .debug_macro   0x000000000001db6d      0x21e ./Core/Src/fatfs_sd.o
 .debug_macro   0x000000000001dd8b       0x2e ./Core/Src/fatfs_sd.o
 .debug_macro   0x000000000001ddb9      0x11a ./Core/Src/fatfs_sd.o
 .debug_macro   0x000000000001ded3       0x7e ./Core/Src/fatfs_sd.o
 .debug_macro   0x000000000001df51       0x89 ./Core/Src/fatfs_sd.o
 .debug_macro   0x000000000001dfda      0x225 ./Core/Src/fatfs_sd.o
 .debug_macro   0x000000000001e1ff      0x12d ./Core/Src/fatfs_sd.o
 .debug_macro   0x000000000001e32c       0x16 ./Core/Src/fatfs_sd.o
 .debug_macro   0x000000000001e342       0x7c ./Core/Src/fatfs_sd.o
 .debug_macro   0x000000000001e3be       0x70 ./Core/Src/fatfs_sd.o
 .debug_macro   0x000000000001e42e      0x1ac ./Core/Src/graphics.o
 .debug_macro   0x000000000001e5da       0x22 ./Core/Src/graphics.o
 .debug_macro   0x000000000001e5fc       0xdc ./Core/Src/graphics.o
 .debug_macro   0x000000000001e6d8       0x52 ./Core/Src/graphics.o
 .debug_macro   0x000000000001e72a       0x1e ./Core/Src/graphics.o
 .debug_macro   0x000000000001e748       0x3c ./Core/Src/graphics.o
 .debug_macro   0x000000000001e784       0x34 ./Core/Src/graphics.o
 .debug_macro   0x000000000001e7b8       0x16 ./Core/Src/graphics.o
 .debug_macro   0x000000000001e7ce       0x43 ./Core/Src/graphics.o
 .debug_macro   0x000000000001e811       0x34 ./Core/Src/graphics.o
 .debug_macro   0x000000000001e845       0x10 ./Core/Src/graphics.o
 .debug_macro   0x000000000001e855       0x58 ./Core/Src/graphics.o
 .debug_macro   0x000000000001e8ad       0x71 ./Core/Src/graphics.o
 .debug_macro   0x000000000001e91e       0x1c ./Core/Src/graphics.o
 .debug_macro   0x000000000001e93a      0x12a ./Core/Src/graphics.o
 .debug_macro   0x000000000001ea64      0x341 ./Core/Src/graphics.o
 .debug_macro   0x000000000001eda5       0x10 ./Core/Src/graphics.o
 .debug_macro   0x000000000001edb5       0x35 ./Core/Src/graphics.o
 .debug_macro   0x000000000001edea       0x20 ./Core/Src/graphics.o
 .debug_macro   0x000000000001ee0a      0x19b ./Core/Src/graphics.o
 .debug_macro   0x000000000001efa5       0x7c ./Core/Src/graphics.o
 .debug_macro   0x000000000001f021       0x17 ./Core/Src/graphics.o
 .debug_macro   0x000000000001f038      0x118 ./Core/Src/graphics.o
 .debug_macro   0x000000000001f150       0x28 ./Core/Src/graphics.o
 .debug_macro   0x000000000001f178      0x1dc ./Core/Src/ili9341.o
 .debug_macro   0x000000000001f354      0x40f ./Core/Src/main.o
 .debug_macro   0x000000000001f763       0x10 ./Core/Src/main.o
 .debug_macro   0x000000000001f773       0xeb ./Core/Src/main.o
 .debug_macro   0x000000000001f85e       0x16 ./Core/Src/main.o
 .debug_macro   0x000000000001f874       0x16 ./Core/Src/main.o
 .debug_macro   0x000000000001f88a       0x29 ./Core/Src/main.o
 .debug_macro   0x000000000001f8b3       0x12 ./Core/Src/main.o
 .debug_macro   0x000000000001f8c5       0xe2 ./Core/Src/main.o
 .debug_macro   0x000000000001f9a7       0x8e ./Core/Src/main.o
 .debug_macro   0x000000000001fa35       0x1c ./Core/Src/main.o
 .debug_macro   0x000000000001fa51       0x10 ./Core/Src/main.o
 .debug_macro   0x000000000001fa61       0x10 ./Core/Src/main.o
 .debug_macro   0x000000000001fa71       0x1c ./Core/Src/main.o
 .debug_macro   0x000000000001fa8d       0x52 ./Core/Src/main.o
 .debug_macro   0x000000000001fadf       0x22 ./Core/Src/main.o
 .debug_macro   0x000000000001fb01       0x10 ./Core/Src/main.o
 .debug_macro   0x000000000001fb11       0x52 ./Core/Src/main.o
 .debug_macro   0x000000000001fb63       0xd5 ./Core/Src/main.o
 .debug_macro   0x000000000001fc38       0x1c ./Core/Src/main.o
 .debug_macro   0x000000000001fc54       0x3d ./Core/Src/main.o
 .debug_macro   0x000000000001fc91       0x16 ./Core/Src/main.o
 .debug_macro   0x000000000001fca7      0x145 ./Core/Src/main.o
 .debug_macro   0x000000000001fdec       0x22 ./Core/Src/main.o
 .debug_macro   0x000000000001fe0e       0x16 ./Core/Src/main.o
 .debug_macro   0x000000000001fe24      0x1c9 ./Core/Src/stm32f4xx_hal_msp.o
 .debug_macro   0x000000000001ffed      0x1d3 ./Core/Src/stm32f4xx_it.o
 .debug_macro   0x00000000000201c0       0xff ./Core/Src/sysmem.o
 .debug_macro   0x00000000000202bf      0x23b ./Core/Src/sysmem.o
 .debug_macro   0x00000000000204fa      0x1ba ./Core/Src/system_stm32f4xx.o
 .debug_macro   0x00000000000206b4      0x21a ./Drivers/STM32F4xx_HAL_Driver/Src/stm32f4xx_hal.o
 .debug_macro   0x00000000000208ce      0x1ba ./Drivers/STM32F4xx_HAL_Driver/Src/stm32f4xx_hal_cortex.o
 .debug_macro   0x0000000000020a88      0x1c0 ./Drivers/STM32F4xx_HAL_Driver/Src/stm32f4xx_hal_dma.o
 .debug_macro   0x0000000000020c48      0x1c0 ./Drivers/STM32F4xx_HAL_Driver/Src/stm32f4xx_hal_gpio.o
 .debug_macro   0x0000000000020e08      0x1de ./Drivers/STM32F4xx_HAL_Driver/Src/stm32f4xx_hal_rcc.o
 .debug_macro   0x0000000000020fe6      0x1c9 ./Drivers/STM32F4xx_HAL_Driver/Src/stm32f4xx_hal_spi.o
 .debug_macro   0x00000000000211af      0x2ee ./FATFS/App/fatfs.o
 .debug_macro   0x000000000002149d       0xe5 ./FATFS/App/fatfs.o
 .debug_macro   0x0000000000021582      0x30b ./FATFS/Target/user_diskio.o
 .debug_macro   0x000000000002188d       0x56 ./FATFS/Target/user_diskio.o
 .debug_macro   0x00000000000218e3      0x2db ./Middlewares/Third_Party/FatFs/src/diskio.o
 .debug_macro   0x0000000000021bbe      0x6e9 ./Middlewares/Third_Party/FatFs/src/ff.o
 .debug_macro   0x00000000000222a7       0x58 ./Middlewares/Third_Party/FatFs/src/ff.o
 .debug_macro   0x00000000000222ff      0x2db ./Middlewares/Third_Party/FatFs/src/ff_gen_drv.o
 .debug_macro   0x00000000000225da      0x2c9 ./Middlewares/Third_Party/FatFs/src/option/ccsbcs.o

.debug_line     0x0000000000000000    0x11486
 .debug_line    0x0000000000000000      0xd4b ./Core/Src/fatfs_sd.o
 .debug_line    0x0000000000000d4b     0x13cc ./Core/Src/graphics.o
 .debug_line    0x0000000000002117      0x914 ./Core/Src/ili9341.o
 .debug_line    0x0000000000002a2b      0xd44 ./Core/Src/main.o
 .debug_line    0x000000000000376f      0x749 ./Core/Src/stm32f4xx_hal_msp.o
 .debug_line    0x0000000000003eb8      0x7a1 ./Core/Src/stm32f4xx_it.o
 .debug_line    0x0000000000004659      0x4f4 ./Core/Src/sysmem.o
 .debug_line    0x0000000000004b4d      0x713 ./Core/Src/system_stm32f4xx.o
 .debug_line    0x0000000000005260       0x88 ./Core/Startup/startup_stm32f407vgtx.o
 .debug_line    0x00000000000052e8      0x979 ./Drivers/STM32F4xx_HAL_Driver/Src/stm32f4xx_hal.o
 .debug_line    0x0000000000005c61      0xc28 ./Drivers/STM32F4xx_HAL_Driver/Src/stm32f4xx_hal_cortex.o
 .debug_line    0x0000000000006889      0xedd ./Drivers/STM32F4xx_HAL_Driver/Src/stm32f4xx_hal_dma.o
 .debug_line    0x0000000000007766      0xaed ./Drivers/STM32F4xx_HAL_Driver/Src/stm32f4xx_hal_gpio.o
 .debug_line    0x0000000000008253      0xcf5 ./Drivers/STM32F4xx_HAL_Driver/Src/stm32f4xx_hal_rcc.o
 .debug_line    0x0000000000008f48     0x1c03 ./Drivers/STM32F4xx_HAL_Driver/Src/stm32f4xx_hal_spi.o
 .debug_line    0x000000000000ab4b      0x87e ./FATFS/App/fatfs.o
 .debug_line    0x000000000000b3c9      0x8e6 ./FATFS/Target/user_diskio.o
 .debug_line    0x000000000000bcaf      0x8ed ./Middlewares/Third_Party/FatFs/src/diskio.o
 .debug_line    0x000000000000c59c     0x3c94 ./Middlewares/Third_Party/FatFs/src/ff.o
 .debug_line    0x0000000000010230      0x90b ./Middlewares/Third_Party/FatFs/src/ff_gen_drv.o
 .debug_line    0x0000000000010b3b      0x94b ./Middlewares/Third_Party/FatFs/src/option/ccsbcs.o

.debug_str      0x0000000000000000    0xc58dd
 .debug_str     0x0000000000000000    0xbc460 ./Core/Src/fatfs_sd.o
                                      0xbc764 (size before relaxing)
 .debug_str     0x00000000000bc460     0x440a ./Core/Src/graphics.o
                                       0x83e1 (size before relaxing)
 .debug_str     0x00000000000c086a      0x130 ./Core/Src/ili9341.o
                                      0xbc8a1 (size before relaxing)
 .debug_str     0x00000000000c099a     0x20f1 ./Core/Src/main.o
                                      0xc199e (size before relaxing)
 .debug_str     0x00000000000c2a8b       0x7a ./Core/Src/stm32f4xx_hal_msp.o
                                      0xbc481 (size before relaxing)
 .debug_str     0x00000000000c2b05      0x10d ./Core/Src/stm32f4xx_it.o
                                      0xbc16e (size before relaxing)
 .debug_str     0x00000000000c2c12      0x4da ./Core/Src/sysmem.o
                                       0x5dad (size before relaxing)
 .debug_str     0x00000000000c30ec       0xdb ./Core/Src/system_stm32f4xx.o
                                      0xbbf9c (size before relaxing)
 .debug_str     0x00000000000c31c7       0x36 ./Core/Startup/startup_stm32f407vgtx.o
                                         0x6f (size before relaxing)
 .debug_str     0x00000000000c31fd      0x603 ./Drivers/STM32F4xx_HAL_Driver/Src/stm32f4xx_hal.o
                                      0xbcb20 (size before relaxing)
 .debug_str     0x00000000000c3800      0x341 ./Drivers/STM32F4xx_HAL_Driver/Src/stm32f4xx_hal_cortex.o
                                      0xbc853 (size before relaxing)
 .debug_str     0x00000000000c3b41      0x2eb ./Drivers/STM32F4xx_HAL_Driver/Src/stm32f4xx_hal_dma.o
                                      0xbc3b6 (size before relaxing)
 .debug_str     0x00000000000c3e2c      0x10b ./Drivers/STM32F4xx_HAL_Driver/Src/stm32f4xx_hal_gpio.o
                                      0xbc117 (size before relaxing)
 .debug_str     0x00000000000c3f37      0x233 ./Drivers/STM32F4xx_HAL_Driver/Src/stm32f4xx_hal_rcc.o
                                      0xbc3d0 (size before relaxing)
 .debug_str     0x00000000000c416a      0x502 ./Drivers/STM32F4xx_HAL_Driver/Src/stm32f4xx_hal_spi.o
                                      0xbc860 (size before relaxing)
 .debug_str     0x00000000000c466c       0x74 ./FATFS/App/fatfs.o
                                      0xbf499 (size before relaxing)
 .debug_str     0x00000000000c46e0       0x5a ./FATFS/Target/user_diskio.o
                                      0xbf44f (size before relaxing)
 .debug_str     0x00000000000c473a       0x52 ./Middlewares/Third_Party/FatFs/src/diskio.o
                                      0xbf395 (size before relaxing)
 .debug_str     0x00000000000c478c     0x1077 ./Middlewares/Third_Party/FatFs/src/ff.o
                                      0xc069c (size before relaxing)
 .debug_str     0x00000000000c5803       0x91 ./Middlewares/Third_Party/FatFs/src/ff_gen_drv.o
                                      0xbf3e6 (size before relaxing)
 .debug_str     0x00000000000c5894       0x49 ./Middlewares/Third_Party/FatFs/src/option/ccsbcs.o
                                      0xbf16a (size before relaxing)

.comment        0x0000000000000000       0x50
 .comment       0x0000000000000000       0x50 ./Core/Src/fatfs_sd.o
                                         0x51 (size before relaxing)
 .comment       0x0000000000000050       0x51 ./Core/Src/graphics.o
 .comment       0x0000000000000050       0x51 ./Core/Src/ili9341.o
 .comment       0x0000000000000050       0x51 ./Core/Src/main.o
 .comment       0x0000000000000050       0x51 ./Core/Src/stm32f4xx_hal_msp.o
 .comment       0x0000000000000050       0x51 ./Core/Src/stm32f4xx_it.o
 .comment       0x0000000000000050       0x51 ./Core/Src/sysmem.o
 .comment       0x0000000000000050       0x51 ./Core/Src/system_stm32f4xx.o
 .comment       0x0000000000000050       0x51 ./Drivers/STM32F4xx_HAL_Driver/Src/stm32f4xx_hal.o
 .comment       0x0000000000000050       0x51 ./Drivers/STM32F4xx_HAL_Driver/Src/stm32f4xx_hal_cortex.o
 .comment       0x0000000000000050       0x51 ./Drivers/STM32F4xx_HAL_Driver/Src/stm32f4xx_hal_dma.o
 .comment       0x0000000000000050       0x51 ./Drivers/STM32F4xx_HAL_Driver/Src/stm32f4xx_hal_gpio.o
 .comment       0x0000000000000050       0x51 ./Drivers/STM32F4xx_HAL_Driver/Src/stm32f4xx_hal_rcc.o
 .comment       0x0000000000000050       0x51 ./Drivers/STM32F4xx_HAL_Driver/Src/stm32f4xx_hal_spi.o
 .comment       0x0000000000000050       0x51 ./FATFS/App/fatfs.o
 .comment       0x0000000000000050       0x51 ./FATFS/Target/user_diskio.o
 .comment       0x0000000000000050       0x51 ./Middlewares/Third_Party/FatFs/src/diskio.o
 .comment       0x0000000000000050       0x51 ./Middlewares/Third_Party/FatFs/src/ff.o
 .comment       0x0000000000000050       0x51 ./Middlewares/Third_Party/FatFs/src/ff_gen_drv.o
 .comment       0x0000000000000050       0x51 ./Middlewares/Third_Party/FatFs/src/option/ccsbcs.o

.debug_frame    0x0000000000000000     0x33fc
 .debug_frame   0x0000000000000000      0x268 ./Core/Src/fatfs_sd.o
 .debug_frame   0x0000000000000268      0x4ac ./Core/Src/graphics.o
 .debug_frame   0x0000000000000714      0x1c0 ./Core/Src/ili9341.o
 .debug_frame   0x00000000000008d4      0x11c ./Core/Src/main.o
 .debug_frame   0x00000000000009f0       0x80 ./Core/Src/stm32f4xx_hal_msp.o
 .debug_frame   0x0000000000000a70      0x140 ./Core/Src/stm32f4xx_it.o
 .debug_frame   0x0000000000000bb0       0x34 ./Core/Src/sysmem.o
 .debug_frame   0x0000000000000be4       0x58 ./Core/Src/system_stm32f4xx.o
 .debug_frame   0x0000000000000c3c      0x374 ./Drivers/STM32F4xx_HAL_Driver/Src/stm32f4xx_hal.o
 .debug_frame   0x0000000000000fb0      0x498 ./Drivers/STM32F4xx_HAL_Driver/Src/stm32f4xx_hal_cortex.o
 .debug_frame   0x0000000000001448      0x250 ./Drivers/STM32F4xx_HAL_Driver/Src/stm32f4xx_hal_dma.o
 .debug_frame   0x0000000000001698      0x14c ./Drivers/STM32F4xx_HAL_Driver/Src/stm32f4xx_hal_gpio.o
 .debug_frame   0x00000000000017e4      0x1f4 ./Drivers/STM32F4xx_HAL_Driver/Src/stm32f4xx_hal_rcc.o
 .debug_frame   0x00000000000019d8      0x824 ./Drivers/STM32F4xx_HAL_Driver/Src/stm32f4xx_hal_spi.o
 .debug_frame   0x00000000000021fc       0x4c ./FATFS/App/fatfs.o
 .debug_frame   0x0000000000002248       0xc4 ./FATFS/Target/user_diskio.o
 .debug_frame   0x000000000000230c       0xec ./Middlewares/Third_Party/FatFs/src/diskio.o
 .debug_frame   0x00000000000023f8      0xa0c ./Middlewares/Third_Party/FatFs/src/ff.o
 .debug_frame   0x0000000000002e04       0xc8 ./Middlewares/Third_Party/FatFs/src/ff_gen_drv.o
 .debug_frame   0x0000000000002ecc       0x60 ./Middlewares/Third_Party/FatFs/src/option/ccsbcs.o
 .debug_frame   0x0000000000002f2c       0x20 c:/st/stm32cubeide_1.11.0/stm32cubeide/plugins/com.st.stm32cube.ide.mcu.externaltools.gnu-tools-for-stm32.10.3-2021.10.win32_1.0.100.202210260954/tools/bin/../lib/gcc/arm-none-eabi/10.3.1/../../../../arm-none-eabi/lib/thumb/v7e-m+fp/hard\libc_nano.a(lib_a-errno.o)
 .debug_frame   0x0000000000002f4c       0x2c c:/st/stm32cubeide_1.11.0/stm32cubeide/plugins/com.st.stm32cube.ide.mcu.externaltools.gnu-tools-for-stm32.10.3-2021.10.win32_1.0.100.202210260954/tools/bin/../lib/gcc/arm-none-eabi/10.3.1/../../../../arm-none-eabi/lib/thumb/v7e-m+fp/hard\libc_nano.a(lib_a-init.o)
 .debug_frame   0x0000000000002f78       0x20 c:/st/stm32cubeide_1.11.0/stm32cubeide/plugins/com.st.stm32cube.ide.mcu.externaltools.gnu-tools-for-stm32.10.3-2021.10.win32_1.0.100.202210260954/tools/bin/../lib/gcc/arm-none-eabi/10.3.1/../../../../arm-none-eabi/lib/thumb/v7e-m+fp/hard\libc_nano.a(lib_a-memset.o)
 .debug_frame   0x0000000000002f98       0x7c c:/st/stm32cubeide_1.11.0/stm32cubeide/plugins/com.st.stm32cube.ide.mcu.externaltools.gnu-tools-for-stm32.10.3-2021.10.win32_1.0.100.202210260954/tools/bin/../lib/gcc/arm-none-eabi/10.3.1/../../../../arm-none-eabi/lib/thumb/v7e-m+fp/hard\libc_nano.a(lib_a-snprintf.o)
 .debug_frame   0x0000000000003014       0x90 c:/st/stm32cubeide_1.11.0/stm32cubeide/plugins/com.st.stm32cube.ide.mcu.externaltools.gnu-tools-for-stm32.10.3-2021.10.win32_1.0.100.202210260954/tools/bin/../lib/gcc/arm-none-eabi/10.3.1/../../../../arm-none-eabi/lib/thumb/v7e-m+fp/hard\libc_nano.a(lib_a-nano-svfprintf.o)